Archive member included to satisfy reference by file (symbol)

C:\Users\iones\e2_studio\workspace\Blinky_SK_S7G2\synergy\ssp\src\driver\r_fmi\libs\libfmi_cm4_s7g2_gcc.a(r_fmi.o)
                              ./synergy/ssp/src/driver/r_ioport/r_ioport.o (g_fmi_on_fmi)
C:\Users\iones\e2_studio\workspace\Blinky_SK_S7G2\synergy\ssp\src\framework\el\tx\cm4_gcc\libtx.a(txe_semaphore_create.o)
                              ./src/synergy_gen/main.o (_txe_semaphore_create)
C:\Users\iones\e2_studio\workspace\Blinky_SK_S7G2\synergy\ssp\src\framework\el\tx\cm4_gcc\libtx.a(txe_semaphore_get.o)
                              ./src/synergy_gen/main.o (_txe_semaphore_get)
C:\Users\iones\e2_studio\workspace\Blinky_SK_S7G2\synergy\ssp\src\framework\el\tx\cm4_gcc\libtx.a(txe_semaphore_put.o)
                              ./src/synergy_gen/main.o (_txe_semaphore_put)
C:\Users\iones\e2_studio\workspace\Blinky_SK_S7G2\synergy\ssp\src\framework\el\tx\cm4_gcc\libtx.a(txe_thread_create.o)
                              ./src/synergy_gen/blinky_thread.o (_txe_thread_create)
C:\Users\iones\e2_studio\workspace\Blinky_SK_S7G2\synergy\ssp\src\framework\el\tx\cm4_gcc\libtx.a(tx_initialize_high_level.o)
                              C:\Users\iones\e2_studio\workspace\Blinky_SK_S7G2\synergy\ssp\src\framework\el\tx\cm4_gcc\libtx.a(txe_semaphore_create.o) (_tx_semaphore_created_count)
C:\Users\iones\e2_studio\workspace\Blinky_SK_S7G2\synergy\ssp\src\framework\el\tx\cm4_gcc\libtx.a(tx_initialize_kernel_enter.o)
                              ./src/synergy_gen/main.o (_tx_initialize_kernel_enter)
C:\Users\iones\e2_studio\workspace\Blinky_SK_S7G2\synergy\ssp\src\framework\el\tx\cm4_gcc\libtx.a(tx_semaphore_create.o)
                              C:\Users\iones\e2_studio\workspace\Blinky_SK_S7G2\synergy\ssp\src\framework\el\tx\cm4_gcc\libtx.a(txe_semaphore_create.o) (_tx_semaphore_create)
C:\Users\iones\e2_studio\workspace\Blinky_SK_S7G2\synergy\ssp\src\framework\el\tx\cm4_gcc\libtx.a(tx_semaphore_get.o)
                              C:\Users\iones\e2_studio\workspace\Blinky_SK_S7G2\synergy\ssp\src\framework\el\tx\cm4_gcc\libtx.a(txe_semaphore_get.o) (_tx_semaphore_get)
C:\Users\iones\e2_studio\workspace\Blinky_SK_S7G2\synergy\ssp\src\framework\el\tx\cm4_gcc\libtx.a(tx_semaphore_put.o)
                              C:\Users\iones\e2_studio\workspace\Blinky_SK_S7G2\synergy\ssp\src\framework\el\tx\cm4_gcc\libtx.a(txe_semaphore_put.o) (_tx_semaphore_put)
C:\Users\iones\e2_studio\workspace\Blinky_SK_S7G2\synergy\ssp\src\framework\el\tx\cm4_gcc\libtx.a(tx_thread_create.o)
                              C:\Users\iones\e2_studio\workspace\Blinky_SK_S7G2\synergy\ssp\src\framework\el\tx\cm4_gcc\libtx.a(txe_thread_create.o) (_tx_thread_create)
C:\Users\iones\e2_studio\workspace\Blinky_SK_S7G2\synergy\ssp\src\framework\el\tx\cm4_gcc\libtx.a(tx_thread_initialize.o)
                              C:\Users\iones\e2_studio\workspace\Blinky_SK_S7G2\synergy\ssp\src\framework\el\tx\cm4_gcc\libtx.a(tx_initialize_high_level.o) (_tx_thread_initialize)
C:\Users\iones\e2_studio\workspace\Blinky_SK_S7G2\synergy\ssp\src\framework\el\tx\cm4_gcc\libtx.a(tx_thread_shell_entry.o)
                              C:\Users\iones\e2_studio\workspace\Blinky_SK_S7G2\synergy\ssp\src\framework\el\tx\cm4_gcc\libtx.a(tx_thread_create.o) (_tx_thread_shell_entry)
C:\Users\iones\e2_studio\workspace\Blinky_SK_S7G2\synergy\ssp\src\framework\el\tx\cm4_gcc\libtx.a(tx_thread_sleep.o)
                              ./src/blinky_thread_entry.o (_tx_thread_sleep)
C:\Users\iones\e2_studio\workspace\Blinky_SK_S7G2\synergy\ssp\src\framework\el\tx\cm4_gcc\libtx.a(tx_thread_system_preempt_check.o)
                              C:\Users\iones\e2_studio\workspace\Blinky_SK_S7G2\synergy\ssp\src\framework\el\tx\cm4_gcc\libtx.a(txe_semaphore_create.o) (_tx_thread_system_preempt_check)
C:\Users\iones\e2_studio\workspace\Blinky_SK_S7G2\synergy\ssp\src\framework\el\tx\cm4_gcc\libtx.a(tx_thread_system_resume.o)
                              C:\Users\iones\e2_studio\workspace\Blinky_SK_S7G2\synergy\ssp\src\framework\el\tx\cm4_gcc\libtx.a(tx_semaphore_put.o) (_tx_thread_system_resume)
C:\Users\iones\e2_studio\workspace\Blinky_SK_S7G2\synergy\ssp\src\framework\el\tx\cm4_gcc\libtx.a(tx_thread_system_suspend.o)
                              C:\Users\iones\e2_studio\workspace\Blinky_SK_S7G2\synergy\ssp\src\framework\el\tx\cm4_gcc\libtx.a(tx_semaphore_get.o) (_tx_thread_system_suspend)
C:\Users\iones\e2_studio\workspace\Blinky_SK_S7G2\synergy\ssp\src\framework\el\tx\cm4_gcc\libtx.a(tx_thread_timeout.o)
                              C:\Users\iones\e2_studio\workspace\Blinky_SK_S7G2\synergy\ssp\src\framework\el\tx\cm4_gcc\libtx.a(tx_thread_create.o) (_tx_thread_timeout)
C:\Users\iones\e2_studio\workspace\Blinky_SK_S7G2\synergy\ssp\src\framework\el\tx\cm4_gcc\libtx.a(tx_timer_initialize.o)
[...]
Memory Configuration

Name             Origin             Length             Attributes
FLASH            0x00000000         0x00400000         xr
RAM              0x1ffe0000         0x000a0000         xrw
DATA_FLASH       0x40100000         0x00010000         xr
QSPI_FLASH       0x60000000         0x04000000         xr
SDRAM            0x90000000         0x02000000         xrw
ID_CODES         0x40120050         0x00000010         xr
*default*        0x00000000         0xffffffff

Linker script and memory map

LOAD c:/renesas/synergy/e2studio_v2024-01.1_ssp_v2.6.1/toolchains/gcc_arm/gcc-arm-none-eabi-10.3-2021.10/bin/../lib/gcc/arm-none-eabi/10.3.1/thumb/v7e-m+fp/hard/crti.o
LOAD c:/renesas/synergy/e2studio_v2024-01.1_ssp_v2.6.1/toolchains/gcc_arm/gcc-arm-none-eabi-10.3-2021.10/bin/../lib/gcc/arm-none-eabi/10.3.1/thumb/v7e-m+fp/hard/crtbegin.o
LOAD c:/renesas/synergy/e2studio_v2024-01.1_ssp_v2.6.1/toolchains/gcc_arm/gcc-arm-none-eabi-10.3-2021.10/bin/../lib/gcc/arm-none-eabi/10.3.1/../../../../arm-none-eabi/lib/thumb/v7e-m+fp/hard/rdimon-crt0.o
START GROUP
LOAD ./synergy/ssp/src/driver/r_ioport/r_ioport.o
LOAD ./synergy/ssp/src/driver/r_elc/r_elc.o
LOAD ./synergy/ssp/src/driver/r_cgc/r_cgc.o
LOAD ./synergy/ssp/src/bsp/mcu/s7g2/bsp_cache.o
LOAD ./synergy/ssp/src/bsp/mcu/s7g2/bsp_clocks.o
LOAD ./synergy/ssp/src/bsp/mcu/s7g2/bsp_feature.o
LOAD ./synergy/ssp/src/bsp/mcu/s7g2/bsp_group_irq.o
LOAD ./synergy/ssp/src/bsp/mcu/s7g2/bsp_hw_locks.o
LOAD ./synergy/ssp/src/bsp/mcu/s7g2/bsp_module_stop.o
LOAD ./synergy/ssp/src/bsp/mcu/s7g2/bsp_rom_registers.o
LOAD ./synergy/ssp/src/bsp/mcu/all/bsp_common.o
LOAD ./synergy/ssp/src/bsp/mcu/all/bsp_common_leds.o
LOAD ./synergy/ssp/src/bsp/mcu/all/bsp_delay.o
LOAD ./synergy/ssp/src/bsp/mcu/all/bsp_irq.o
LOAD ./synergy/ssp/src/bsp/mcu/all/bsp_locking.o
LOAD ./synergy/ssp/src/bsp/mcu/all/bsp_register_protection.o
LOAD ./synergy/ssp/src/bsp/mcu/all/bsp_sbrk.o
LOAD ./synergy/ssp/src/bsp/cmsis/Device/RENESAS/S7G2/Source/startup_S7G2.o
LOAD ./synergy/ssp/src/bsp/cmsis/Device/RENESAS/S7G2/Source/system_S7G2.o
LOAD ./synergy/board/s7g2_sk/bsp_init.o
LOAD ./synergy/board/s7g2_sk/bsp_leds.o
LOAD ./synergy/board/s7g2_sk/bsp_qspi.o
LOAD ./src/synergy_gen/blinky_thread.o
LOAD ./src/synergy_gen/common_data.o
LOAD ./src/synergy_gen/hal_data.o
LOAD ./src/synergy_gen/main.o
LOAD ./src/synergy_gen/pin_data.o
LOAD ./src/blinky_thread_entry.o
LOAD ./src/hal_entry.o
LOAD C:\Users\iones\e2_studio\workspace\Blinky_SK_S7G2\synergy\ssp\src\bsp\cmsis\DSP_Lib\cm4_gcc\libDSP_Lib.a
LOAD C:\Users\iones\e2_studio\workspace\Blinky_SK_S7G2\synergy\ssp\src\bsp\cmsis\NN_Lib\cm4_gcc\libNN_Lib.a
LOAD C:\Users\iones\e2_studio\workspace\Blinky_SK_S7G2\synergy\ssp\src\driver\r_fmi\libs\libfmi_cm4_s7g2_gcc.a
LOAD C:\Users\iones\e2_studio\workspace\Blinky_SK_S7G2\synergy\ssp\src\framework\el\tx\cm4_gcc\libtx.a
LOAD C:\Users\iones\e2_studio\workspace\Blinky_SK_S7G2\synergy\ssp\src\bsp\mcu\s7g2\libfmi_R7FS7G27H3A01CFC_gcc.a
END GROUP
LOAD c:/renesas/synergy/e2studio_v2024-01.1_ssp_v2.6.1/toolchains/gcc_arm/gcc-arm-none-eabi-10.3-2021.10/bin/../lib/gcc/arm-none-eabi/10.3.1/../../../../arm-none-eabi/lib/thumb/v7e-m+fp/hard\libstdc++_nano.a
LOAD c:/renesas/synergy/e2studio_v2024-01.1_ssp_v2.6.1/toolchains/gcc_arm/gcc-arm-none-eabi-10.3-2021.10/bin/../lib/gcc/arm-none-eabi/10.3.1/../../../../arm-none-eabi/lib/thumb/v7e-m+fp/hard\libm.a
START GROUP
LOAD c:/renesas/synergy/e2studio_v2024-01.1_ssp_v2.6.1/toolchains/gcc_arm/gcc-arm-none-eabi-10.3-2021.10/bin/../lib/gcc/arm-none-eabi/10.3.1/thumb/v7e-m+fp/hard\libgcc.a
LOAD c:/renesas/synergy/e2studio_v2024-01.1_ssp_v2.6.1/toolchains/gcc_arm/gcc-arm-none-eabi-10.3-2021.10/bin/../lib/gcc/arm-none-eabi/10.3.1/../../../../arm-none-eabi/lib/thumb/v7e-m+fp/hard\libg_nano.a
LOAD c:/renesas/synergy/e2studio_v2024-01.1_ssp_v2.6.1/toolchains/gcc_arm/gcc-arm-none-eabi-10.3-2021.10/bin/../lib/gcc/arm-none-eabi/10.3.1/../../../../arm-none-eabi/lib/thumb/v7e-m+fp/hard\libc_nano.a
END GROUP
START GROUP
LOAD c:/renesas/synergy/e2studio_v2024-01.1_ssp_v2.6.1/toolchains/gcc_arm/gcc-arm-none-eabi-10.3-2021.10/bin/../lib/gcc/arm-none-eabi/10.3.1/thumb/v7e-m+fp/hard\libgcc.a
LOAD c:/renesas/synergy/e2studio_v2024-01.1_ssp_v2.6.1/toolchains/gcc_arm/gcc-arm-none-eabi-10.3-2021.10/bin/../lib/gcc/arm-none-eabi/10.3.1/../../../../arm-none-eabi/lib/thumb/v7e-m+fp/hard\libc_nano.a
LOAD c:/renesas/synergy/e2studio_v2024-01.1_ssp_v2.6.1/toolchains/gcc_arm/gcc-arm-none-eabi-10.3-2021.10/bin/../lib/gcc/arm-none-eabi/10.3.1/../../../../arm-none-eabi/lib/thumb/v7e-m+fp/hard\librdimon_nano.a
END GROUP
START GROUP
LOAD c:/renesas/synergy/e2studio_v2024-01.1_ssp_v2.6.1/toolchains/gcc_arm/gcc-arm-none-eabi-10.3-2021.10/bin/../lib/gcc/arm-none-eabi/10.3.1/thumb/v7e-m+fp/hard\libgcc.a
LOAD c:/renesas/synergy/e2studio_v2024-01.1_ssp_v2.6.1/toolchains/gcc_arm/gcc-arm-none-eabi-10.3-2021.10/bin/../lib/gcc/arm-none-eabi/10.3.1/../../../../arm-none-eabi/lib/thumb/v7e-m+fp/hard\libc_nano.a
LOAD c:/renesas/synergy/e2studio_v2024-01.1_ssp_v2.6.1/toolchains/gcc_arm/gcc-arm-none-eabi-10.3-2021.10/bin/../lib/gcc/arm-none-eabi/10.3.1/../../../../arm-none-eabi/lib/thumb/v7e-m+fp/hard\librdimon_nano.a
END GROUP
LOAD c:/renesas/synergy/e2studio_v2024-01.1_ssp_v2.6.1/toolchains/gcc_arm/gcc-arm-none-eabi-10.3-2021.10/bin/../lib/gcc/arm-none-eabi/10.3.1/thumb/v7e-m+fp/hard/crtend.o
LOAD c:/renesas/synergy/e2studio_v2024-01.1_ssp_v2.6.1/toolchains/gcc_arm/gcc-arm-none-eabi-10.3-2021.10/bin/../lib/gcc/arm-none-eabi/10.3.1/thumb/v7e-m+fp/hard/crtn.o
START GROUP
LOAD c:/renesas/synergy/e2studio_v2024-01.1_ssp_v2.6.1/toolchains/gcc_arm/gcc-arm-none-eabi-10.3-2021.10/bin/../lib/gcc/arm-none-eabi/10.3.1/thumb/v7e-m+fp/hard\libgcc.a
LOAD c:/renesas/synergy/e2studio_v2024-01.1_ssp_v2.6.1/toolchains/gcc_arm/gcc-arm-none-eabi-10.3-2021.10/bin/../lib/gcc/arm-none-eabi/10.3.1/../../../../arm-none-eabi/lib/thumb/v7e-m+fp/hard\libc.a
LOAD c:/renesas/synergy/e2studio_v2024-01.1_ssp_v2.6.1/toolchains/gcc_arm/gcc-arm-none-eabi-10.3-2021.10/bin/../lib/gcc/arm-none-eabi/10.3.1/../../../../arm-none-eabi/lib/thumb/v7e-m+fp/hard\libm.a
LOAD c:/renesas/synergy/e2studio_v2024-01.1_ssp_v2.6.1/toolchains/gcc_arm/gcc-arm-none-eabi-10.3-2021.10/bin/../lib/gcc/arm-none-eabi/10.3.1/../../../../arm-none-eabi/lib/thumb/v7e-m+fp/hard\libnosys.a
END GROUP

.text           0x00000000     0x6280
                0x00000000                __ROM_Start = .
 *(.vectors)
 .vectors       0x00000000       0x40 ./synergy/ssp/src/bsp/cmsis/Device/RENESAS/S7G2/Source/startup_S7G2.o
                0x00000000                __Vectors
 *(SORT_BY_NAME(.vector.*))
                0x00000040                __Vectors_End = .
                0x1ffe04c0                __end__ = .
                0x00000400                . = (__ROM_Start + 0x400)
 *fill*         0x00000040      0x3c0 ff
 *(.rom_registers*)
 .rom_registers
                0x00000400       0x3c ./synergy/ssp/src/bsp/mcu/s7g2/bsp_rom_registers.o
                0x00000500                . = (__ROM_Start + 0x500)
 *fill*         0x0000043c       0xc4 ff
                0x00000500                __Vector_Info_Start = .
 *(SORT_BY_NAME(.vector_info.*))
                0x00000500                __Vector_Info_End = .
                0x00000500                __Lock_Lookup_Start = .
 *(SORT_BY_NAME(.hw_lock_lookup.*))
 .hw_lock_lookup.ADC_0U_0U
                0x00000500        0x4 ./synergy/ssp/src/bsp/mcu/s7g2/bsp_hw_locks.o
                0x00000500                g_lock_lookup_ADC_0U_0U
 .hw_lock_lookup.ADC_0U_1U
                0x00000504        0x4 ./synergy/ssp/src/bsp/mcu/s7g2/bsp_hw_locks.o
                0x00000504                g_lock_lookup_ADC_0U_1U
 .hw_lock_lookup.AGT_0U_0U
                0x00000508        0x4 ./synergy/ssp/src/bsp/mcu/s7g2/bsp_hw_locks.o
                0x00000508                g_lock_lookup_AGT_0U_0U
 .hw_lock_lookup.AGT_0U_1U
                0x0000050c        0x4 ./synergy/ssp/src/bsp/mcu/s7g2/bsp_hw_locks.o
                0x0000050c                g_lock_lookup_AGT_0U_1U
 .hw_lock_lookup.BSC_0U_1U
                0x00000510        0x4 ./synergy/ssp/src/bsp/mcu/s7g2/bsp_hw_locks.o
                0x00000510                g_lock_lookup_BSC_0U_1U
 .hw_lock_lookup.CAC_0U_0U
                0x00000514        0x4 ./synergy/ssp/src/bsp/mcu/s7g2/bsp_hw_locks.o
                0x00000514                g_lock_lookup_CAC_0U_0U
 .hw_lock_lookup.CAN_0U_0U
                0x00000518        0x4 ./synergy/ssp/src/bsp/mcu/s7g2/bsp_hw_locks.o
                0x00000518                g_lock_lookup_CAN_0U_0U
 .hw_lock_lookup.CAN_0U_1U
                0x0000051c        0x4 ./synergy/ssp/src/bsp/mcu/s7g2/bsp_hw_locks.o
                0x0000051c                g_lock_lookup_CAN_0U_1U
 .hw_lock_lookup.COMP_HS_0U_0U
                0x00000520        0x4 ./synergy/ssp/src/bsp/mcu/s7g2/bsp_hw_locks.o
                0x00000520                g_lock_lookup_COMP_HS_0U_0U
 .hw_lock_lookup.COMP_HS_0U_1U
                0x00000524        0x4 ./synergy/ssp/src/bsp/mcu/s7g2/bsp_hw_locks.o
                0x00000524                g_lock_lookup_COMP_HS_0U_1U
 .hw_lock_lookup.COMP_HS_0U_2U
                0x00000528        0x4 ./synergy/ssp/src/bsp/mcu/s7g2/bsp_hw_locks.o
                0x00000528                g_lock_lookup_COMP_HS_0U_2U
 .hw_lock_lookup.COMP_HS_0U_3U
                0x0000052c        0x4 ./synergy/ssp/src/bsp/mcu/s7g2/bsp_hw_locks.o
                0x0000052c                g_lock_lookup_COMP_HS_0U_3U
 .hw_lock_lookup.COMP_HS_0U_4U
                0x00000530        0x4 ./synergy/ssp/src/bsp/mcu/s7g2/bsp_hw_locks.o
                0x00000530                g_lock_lookup_COMP_HS_0U_4U
 .hw_lock_lookup.COMP_HS_0U_5U
                0x00000534        0x4 ./synergy/ssp/src/bsp/mcu/s7g2/bsp_hw_locks.o
                0x00000534                g_lock_lookup_COMP_HS_0U_5U
 .hw_lock_lookup.CRC_0U_0U
                0x00000538        0x4 ./synergy/ssp/src/bsp/mcu/s7g2/bsp_hw_locks.o
                0x00000538                g_lock_lookup_CRC_0U_0U
 .hw_lock_lookup.CTSU_0U_0U
                0x0000053c        0x4 ./synergy/ssp/src/bsp/mcu/s7g2/bsp_hw_locks.o
                0x0000053c                g_lock_lookup_CTSU_0U_0U
 .hw_lock_lookup.DAAD_0U_0U
                0x00000540        0x4 ./synergy/ssp/src/bsp/mcu/s7g2/bsp_hw_locks.o
                0x00000540                g_lock_lookup_DAAD_0U_0U
 .hw_lock_lookup.DAC_0U_0U
                0x00000544        0x4 ./synergy/ssp/src/bsp/mcu/s7g2/bsp_hw_locks.o
                0x00000544                g_lock_lookup_DAC_0U_0U
 .hw_lock_lookup.DAC_0U_1U
                0x00000548        0x4 ./synergy/ssp/src/bsp/mcu/s7g2/bsp_hw_locks.o
                0x00000548                g_lock_lookup_DAC_0U_1U
 .hw_lock_lookup.DMAC_0U_0U
                0x0000054c        0x4 ./synergy/ssp/src/bsp/mcu/s7g2/bsp_hw_locks.o
                0x0000054c                g_lock_lookup_DMAC_0U_0U
 .hw_lock_lookup.DMAC_0U_1U
                0x00000550        0x4 ./synergy/ssp/src/bsp/mcu/s7g2/bsp_hw_locks.o
                0x00000550                g_lock_lookup_DMAC_0U_1U
 .hw_lock_lookup.DMAC_0U_2U
                0x00000554        0x4 ./synergy/ssp/src/bsp/mcu/s7g2/bsp_hw_locks.o
                0x00000554                g_lock_lookup_DMAC_0U_2U
 .hw_lock_lookup.DMAC_0U_3U
                0x00000558        0x4 ./synergy/ssp/src/bsp/mcu/s7g2/bsp_hw_locks.o
                0x00000558                g_lock_lookup_DMAC_0U_3U
 .hw_lock_lookup.DMAC_0U_4U
                0x0000055c        0x4 ./synergy/ssp/src/bsp/mcu/s7g2/bsp_hw_locks.o
                0x0000055c                g_lock_lookup_DMAC_0U_4U
 .hw_lock_lookup.DMAC_0U_5U
                0x00000560        0x4 ./synergy/ssp/src/bsp/mcu/s7g2/bsp_hw_locks.o
                0x00000560                g_lock_lookup_DMAC_0U_5U
 .hw_lock_lookup.DMAC_0U_6U
                0x00000564        0x4 ./synergy/ssp/src/bsp/mcu/s7g2/bsp_hw_locks.o
                0x00000564                g_lock_lookup_DMAC_0U_6U
 .hw_lock_lookup.DMAC_0U_7U
                0x00000568        0x4 ./synergy/ssp/src/bsp/mcu/s7g2/bsp_hw_locks.o
                0x00000568                g_lock_lookup_DMAC_0U_7U
 .hw_lock_lookup.DOC_0U_0U
                0x0000056c        0x4 ./synergy/ssp/src/bsp/mcu/s7g2/bsp_hw_locks.o
                0x0000056c                g_lock_lookup_DOC_0U_0U
 .hw_lock_lookup.DRW_0U_0U
                0x00000570        0x4 ./synergy/ssp/src/bsp/mcu/s7g2/bsp_hw_locks.o
                0x00000570                g_lock_lookup_DRW_0U_0U
 .hw_lock_lookup.DTC_0U_0U
                0x00000574        0x4 ./synergy/ssp/src/bsp/mcu/s7g2/bsp_hw_locks.o
                0x00000574                g_lock_lookup_DTC_0U_0U
 .hw_lock_lookup.ELC_0U_0U
                0x00000578        0x4 ./synergy/ssp/src/bsp/mcu/s7g2/bsp_hw_locks.o
                0x00000578                g_lock_lookup_ELC_0U_0U
 .hw_lock_lookup.EPTPC_0U_0U
                0x0000057c        0x4 ./synergy/ssp/src/bsp/mcu/s7g2/bsp_hw_locks.o
                0x0000057c                g_lock_lookup_EPTPC_0U_0U
 .hw_lock_lookup.ETHER_0U_0U
                0x00000580        0x4 ./synergy/ssp/src/bsp/mcu/s7g2/bsp_hw_locks.o
                0x00000580                g_lock_lookup_ETHER_0U_0U
 .hw_lock_lookup.ETHER_0U_1U
                0x00000584        0x4 ./synergy/ssp/src/bsp/mcu/s7g2/bsp_hw_locks.o
                0x00000584                g_lock_lookup_ETHER_0U_1U
 .hw_lock_lookup.FCU_0U_0U
                0x00000588        0x4 ./synergy/ssp/src/bsp/mcu/s7g2/bsp_hw_locks.o
                0x00000588                g_lock_lookup_FCU_0U_0U
 .hw_lock_lookup.GLCDC_0U_0U
                0x0000058c        0x4 ./synergy/ssp/src/bsp/mcu/s7g2/bsp_hw_locks.o
                0x0000058c                g_lock_lookup_GLCDC_0U_0U
 .hw_lock_lookup.GPT_0U_0U
                0x00000590        0x4 ./synergy/ssp/src/bsp/mcu/s7g2/bsp_hw_locks.o
                0x00000590                g_lock_lookup_GPT_0U_0U
 .hw_lock_lookup.GPT_0U_10U
                0x00000594        0x4 ./synergy/ssp/src/bsp/mcu/s7g2/bsp_hw_locks.o
                0x00000594                g_lock_lookup_GPT_0U_10U
 .hw_lock_lookup.GPT_0U_11U
                0x00000598        0x4 ./synergy/ssp/src/bsp/mcu/s7g2/bsp_hw_locks.o
                0x00000598                g_lock_lookup_GPT_0U_11U
 .hw_lock_lookup.GPT_0U_12U
                0x0000059c        0x4 ./synergy/ssp/src/bsp/mcu/s7g2/bsp_hw_locks.o
                0x0000059c                g_lock_lookup_GPT_0U_12U
 .hw_lock_lookup.GPT_0U_13U
                0x000005a0        0x4 ./synergy/ssp/src/bsp/mcu/s7g2/bsp_hw_locks.o
                0x000005a0                g_lock_lookup_GPT_0U_13U
 .hw_lock_lookup.GPT_0U_1U
                0x000005a4        0x4 ./synergy/ssp/src/bsp/mcu/s7g2/bsp_hw_locks.o
                0x000005a4                g_lock_lookup_GPT_0U_1U
 .hw_lock_lookup.GPT_0U_2U
                0x000005a8        0x4 ./synergy/ssp/src/bsp/mcu/s7g2/bsp_hw_locks.o
                0x000005a8                g_lock_lookup_GPT_0U_2U
 .hw_lock_lookup.GPT_0U_3U
                0x000005ac        0x4 ./synergy/ssp/src/bsp/mcu/s7g2/bsp_hw_locks.o
                0x000005ac                g_lock_lookup_GPT_0U_3U
 .hw_lock_lookup.GPT_0U_4U
                0x000005b0        0x4 ./synergy/ssp/src/bsp/mcu/s7g2/bsp_hw_locks.o
                0x000005b0                g_lock_lookup_GPT_0U_4U
 .hw_lock_lookup.GPT_0U_5U
                0x000005b4        0x4 ./synergy/ssp/src/bsp/mcu/s7g2/bsp_hw_locks.o
                0x000005b4                g_lock_lookup_GPT_0U_5U
 .hw_lock_lookup.GPT_0U_6U
                0x000005b8        0x4 ./synergy/ssp/src/bsp/mcu/s7g2/bsp_hw_locks.o
                0x000005b8                g_lock_lookup_GPT_0U_6U
 .hw_lock_lookup.GPT_0U_7U
                0x000005bc        0x4 ./synergy/ssp/src/bsp/mcu/s7g2/bsp_hw_locks.o
                0x000005bc                g_lock_lookup_GPT_0U_7U
 .hw_lock_lookup.GPT_0U_8U
                0x000005c0        0x4 ./synergy/ssp/src/bsp/mcu/s7g2/bsp_hw_locks.o
                0x000005c0                g_lock_lookup_GPT_0U_8U
 .hw_lock_lookup.GPT_0U_9U
                0x000005c4        0x4 ./synergy/ssp/src/bsp/mcu/s7g2/bsp_hw_locks.o
                0x000005c4                g_lock_lookup_GPT_0U_9U
 .hw_lock_lookup.ICU_0U_0U
                0x000005c8        0x4 ./synergy/ssp/src/bsp/mcu/s7g2/bsp_hw_locks.o
                0x000005c8                g_lock_lookup_ICU_0U_0U
 .hw_lock_lookup.ICU_0U_10U
                0x000005cc        0x4 ./synergy/ssp/src/bsp/mcu/s7g2/bsp_hw_locks.o
                0x000005cc                g_lock_lookup_ICU_0U_10U
 .hw_lock_lookup.ICU_0U_11U
                0x000005d0        0x4 ./synergy/ssp/src/bsp/mcu/s7g2/bsp_hw_locks.o
                0x000005d0                g_lock_lookup_ICU_0U_11U
 .hw_lock_lookup.ICU_0U_12U
                0x000005d4        0x4 ./synergy/ssp/src/bsp/mcu/s7g2/bsp_hw_locks.o
                0x000005d4                g_lock_lookup_ICU_0U_12U
 .hw_lock_lookup.ICU_0U_13U
                0x000005d8        0x4 ./synergy/ssp/src/bsp/mcu/s7g2/bsp_hw_locks.o
                0x000005d8                g_lock_lookup_ICU_0U_13U
 .hw_lock_lookup.ICU_0U_14U
                0x000005dc        0x4 ./synergy/ssp/src/bsp/mcu/s7g2/bsp_hw_locks.o
                0x000005dc                g_lock_lookup_ICU_0U_14U
 .hw_lock_lookup.ICU_0U_15U
                0x000005e0        0x4 ./synergy/ssp/src/bsp/mcu/s7g2/bsp_hw_locks.o
                0x000005e0                g_lock_lookup_ICU_0U_15U
 .hw_lock_lookup.ICU_0U_1U
                0x000005e4        0x4 ./synergy/ssp/src/bsp/mcu/s7g2/bsp_hw_locks.o
                0x000005e4                g_lock_lookup_ICU_0U_1U
 .hw_lock_lookup.ICU_0U_2U
                0x000005e8        0x4 ./synergy/ssp/src/bsp/mcu/s7g2/bsp_hw_locks.o
                0x000005e8                g_lock_lookup_ICU_0U_2U
 .hw_lock_lookup.ICU_0U_3U
                0x000005ec        0x4 ./synergy/ssp/src/bsp/mcu/s7g2/bsp_hw_locks.o
                0x000005ec                g_lock_lookup_ICU_0U_3U
 .hw_lock_lookup.ICU_0U_4U
                0x000005f0        0x4 ./synergy/ssp/src/bsp/mcu/s7g2/bsp_hw_locks.o
                0x000005f0                g_lock_lookup_ICU_0U_4U
 .hw_lock_lookup.ICU_0U_5U
                0x000005f4        0x4 ./synergy/ssp/src/bsp/mcu/s7g2/bsp_hw_locks.o
                0x000005f4                g_lock_lookup_ICU_0U_5U
 .hw_lock_lookup.ICU_0U_6U
                0x000005f8        0x4 ./synergy/ssp/src/bsp/mcu/s7g2/bsp_hw_locks.o
                0x000005f8                g_lock_lookup_ICU_0U_6U
 .hw_lock_lookup.ICU_0U_7U
                0x000005fc        0x4 ./synergy/ssp/src/bsp/mcu/s7g2/bsp_hw_locks.o
                0x000005fc                g_lock_lookup_ICU_0U_7U
 .hw_lock_lookup.ICU_0U_8U
                0x00000600        0x4 ./synergy/ssp/src/bsp/mcu/s7g2/bsp_hw_locks.o
                0x00000600                g_lock_lookup_ICU_0U_8U
 .hw_lock_lookup.ICU_0U_9U
                0x00000604        0x4 ./synergy/ssp/src/bsp/mcu/s7g2/bsp_hw_locks.o
                0x00000604                g_lock_lookup_ICU_0U_9U
 .hw_lock_lookup.IIC_0U_0U
                0x00000608        0x4 ./synergy/ssp/src/bsp/mcu/s7g2/bsp_hw_locks.o
                0x00000608                g_lock_lookup_IIC_0U_0U
 .hw_lock_lookup.IIC_0U_1U
                0x0000060c        0x4 ./synergy/ssp/src/bsp/mcu/s7g2/bsp_hw_locks.o
                0x0000060c                g_lock_lookup_IIC_0U_1U
 .hw_lock_lookup.IIC_0U_2U
                0x00000610        0x4 ./synergy/ssp/src/bsp/mcu/s7g2/bsp_hw_locks.o
                0x00000610                g_lock_lookup_IIC_0U_2U
 .hw_lock_lookup.IRDA_0U_0U
                0x00000614        0x4 ./synergy/ssp/src/bsp/mcu/s7g2/bsp_hw_locks.o
                0x00000614                g_lock_lookup_IRDA_0U_0U
 .hw_lock_lookup.IWDT_0U_0U
                0x00000618        0x4 ./synergy/ssp/src/bsp/mcu/s7g2/bsp_hw_locks.o
                0x00000618                g_lock_lookup_IWDT_0U_0U
 .hw_lock_lookup.JPEG_0U_0U
                0x0000061c        0x4 ./synergy/ssp/src/bsp/mcu/s7g2/bsp_hw_locks.o
                0x0000061c                g_lock_lookup_JPEG_0U_0U
 .hw_lock_lookup.KEY_0U_0U
                0x00000620        0x4 ./synergy/ssp/src/bsp/mcu/s7g2/bsp_hw_locks.o
                0x00000620                g_lock_lookup_KEY_0U_0U
 .hw_lock_lookup.LPM_1U_0U
                0x00000624        0x4 ./synergy/ssp/src/bsp/mcu/s7g2/bsp_hw_locks.o
                0x00000624                g_lock_lookup_LPM_1U_0U
 .hw_lock_lookup.LVD_0U_0U
                0x00000628        0x4 ./synergy/ssp/src/bsp/mcu/s7g2/bsp_hw_locks.o
                0x00000628                g_lock_lookup_LVD_0U_0U
 .hw_lock_lookup.LVD_0U_1U
                0x0000062c        0x4 ./synergy/ssp/src/bsp/mcu/s7g2/bsp_hw_locks.o
                0x0000062c                g_lock_lookup_LVD_0U_1U
 .hw_lock_lookup.MMF_0U_0U
                0x00000630        0x4 ./synergy/ssp/src/bsp/mcu/s7g2/bsp_hw_locks.o
                0x00000630                g_lock_lookup_MMF_0U_0U
 .hw_lock_lookup.MPU_0U_0U
                0x00000634        0x4 ./synergy/ssp/src/bsp/mcu/s7g2/bsp_hw_locks.o
                0x00000634                g_lock_lookup_MPU_0U_0U
 .hw_lock_lookup.OPS_0U_0U
                0x00000638        0x4 ./synergy/ssp/src/bsp/mcu/s7g2/bsp_hw_locks.o
                0x00000638                g_lock_lookup_OPS_0U_0U
 .hw_lock_lookup.PDC_0U_0U
                0x0000063c        0x4 ./synergy/ssp/src/bsp/mcu/s7g2/bsp_hw_locks.o
                0x0000063c                g_lock_lookup_PDC_0U_0U
 .hw_lock_lookup.POEG_0U_0U
                0x00000640        0x4 ./synergy/ssp/src/bsp/mcu/s7g2/bsp_hw_locks.o
                0x00000640                g_lock_lookup_POEG_0U_0U
 .hw_lock_lookup.POEG_0U_1U
                0x00000644        0x4 ./synergy/ssp/src/bsp/mcu/s7g2/bsp_hw_locks.o
                0x00000644                g_lock_lookup_POEG_0U_1U
 .hw_lock_lookup.POEG_0U_2U
                0x00000648        0x4 ./synergy/ssp/src/bsp/mcu/s7g2/bsp_hw_locks.o
                0x00000648                g_lock_lookup_POEG_0U_2U
 .hw_lock_lookup.POEG_0U_3U
                0x0000064c        0x4 ./synergy/ssp/src/bsp/mcu/s7g2/bsp_hw_locks.o
                0x0000064c                g_lock_lookup_POEG_0U_3U
 .hw_lock_lookup.QSPI_0U_0U
                0x00000650        0x4 ./synergy/ssp/src/bsp/mcu/s7g2/bsp_hw_locks.o
                0x00000650                g_lock_lookup_QSPI_0U_0U
 .hw_lock_lookup.RTC_0U_0U
                0x00000654        0x4 ./synergy/ssp/src/bsp/mcu/s7g2/bsp_hw_locks.o
                0x00000654                g_lock_lookup_RTC_0U_0U
 .hw_lock_lookup.SCE_0U_0U
                0x00000658        0x4 ./synergy/ssp/src/bsp/mcu/s7g2/bsp_hw_locks.o
                0x00000658                g_lock_lookup_SCE_0U_0U
 .hw_lock_lookup.SCI_0U_0U
                0x0000065c        0x4 ./synergy/ssp/src/bsp/mcu/s7g2/bsp_hw_locks.o
                0x0000065c                g_lock_lookup_SCI_0U_0U
 .hw_lock_lookup.SCI_0U_1U
                0x00000660        0x4 ./synergy/ssp/src/bsp/mcu/s7g2/bsp_hw_locks.o
                0x00000660                g_lock_lookup_SCI_0U_1U
 .hw_lock_lookup.SCI_0U_2U
                0x00000664        0x4 ./synergy/ssp/src/bsp/mcu/s7g2/bsp_hw_locks.o
                0x00000664                g_lock_lookup_SCI_0U_2U
 .hw_lock_lookup.SCI_0U_3U
                0x00000668        0x4 ./synergy/ssp/src/bsp/mcu/s7g2/bsp_hw_locks.o
                0x00000668                g_lock_lookup_SCI_0U_3U
 .hw_lock_lookup.SCI_0U_4U
                0x0000066c        0x4 ./synergy/ssp/src/bsp/mcu/s7g2/bsp_hw_locks.o
                0x0000066c                g_lock_lookup_SCI_0U_4U
 .hw_lock_lookup.SCI_0U_5U
                0x00000670        0x4 ./synergy/ssp/src/bsp/mcu/s7g2/bsp_hw_locks.o
                0x00000670                g_lock_lookup_SCI_0U_5U
 .hw_lock_lookup.SCI_0U_6U
                0x00000674        0x4 ./synergy/ssp/src/bsp/mcu/s7g2/bsp_hw_locks.o
                0x00000674                g_lock_lookup_SCI_0U_6U
 .hw_lock_lookup.SCI_0U_7U
                0x00000678        0x4 ./synergy/ssp/src/bsp/mcu/s7g2/bsp_hw_locks.o
                0x00000678                g_lock_lookup_SCI_0U_7U
 .hw_lock_lookup.SCI_0U_8U
                0x0000067c        0x4 ./synergy/ssp/src/bsp/mcu/s7g2/bsp_hw_locks.o
                0x0000067c                g_lock_lookup_SCI_0U_8U
 .hw_lock_lookup.SCI_0U_9U
                0x00000680        0x4 ./synergy/ssp/src/bsp/mcu/s7g2/bsp_hw_locks.o
                0x00000680                g_lock_lookup_SCI_0U_9U
 .hw_lock_lookup.SDHIMMC_0U_0U
                0x00000684        0x4 ./synergy/ssp/src/bsp/mcu/s7g2/bsp_hw_locks.o
                0x00000684                g_lock_lookup_SDHIMMC_0U_0U
 .hw_lock_lookup.SDHIMMC_0U_1U
                0x00000688        0x4 ./synergy/ssp/src/bsp/mcu/s7g2/bsp_hw_locks.o
                0x00000688                g_lock_lookup_SDHIMMC_0U_1U
 .hw_lock_lookup.SPI_0U_0U
                0x0000068c        0x4 ./synergy/ssp/src/bsp/mcu/s7g2/bsp_hw_locks.o
                0x0000068c                g_lock_lookup_SPI_0U_0U
 .hw_lock_lookup.SPI_0U_1U
                0x00000690        0x4 ./synergy/ssp/src/bsp/mcu/s7g2/bsp_hw_locks.o
                0x00000690                g_lock_lookup_SPI_0U_1U
 .hw_lock_lookup.SRC_0U_0U
                0x00000694        0x4 ./synergy/ssp/src/bsp/mcu/s7g2/bsp_hw_locks.o
                0x00000694                g_lock_lookup_SRC_0U_0U
 .hw_lock_lookup.SSI_0U_0U
                0x00000698        0x4 ./synergy/ssp/src/bsp/mcu/s7g2/bsp_hw_locks.o
                0x00000698                g_lock_lookup_SSI_0U_0U
 .hw_lock_lookup.SSI_0U_1U
                0x0000069c        0x4 ./synergy/ssp/src/bsp/mcu/s7g2/bsp_hw_locks.o
                0x0000069c                g_lock_lookup_SSI_0U_1U
 .hw_lock_lookup.TSN_0U_0U
                0x000006a0        0x4 ./synergy/ssp/src/bsp/mcu/s7g2/bsp_hw_locks.o
                0x000006a0                g_lock_lookup_TSN_0U_0U
 .hw_lock_lookup.USB_0U_0U
                0x000006a4        0x4 ./synergy/ssp/src/bsp/mcu/s7g2/bsp_hw_locks.o
                0x000006a4                g_lock_lookup_USB_0U_0U
 .hw_lock_lookup.USB_1U_0U
                0x000006a8        0x4 ./synergy/ssp/src/bsp/mcu/s7g2/bsp_hw_locks.o
                0x000006a8                g_lock_lookup_USB_1U_0U
 .hw_lock_lookup.WDT_0U_0U
                0x000006ac        0x4 ./synergy/ssp/src/bsp/mcu/s7g2/bsp_hw_locks.o
                0x000006ac                g_lock_lookup_WDT_0U_0U
                0x000006b0                __Lock_Lookup_End = .
 *(.text*)
 .text          0x000006b0       0x40 c:/renesas/synergy/e2studio_v2024-01.1_ssp_v2.6.1/toolchains/gcc_arm/gcc-arm-none-eabi-10.3-2021.10/bin/../lib/gcc/arm-none-eabi/10.3.1/thumb/v7e-m+fp/hard/crtbegin.o
 .text.R_IOPORT_PortRead
                0x000006f0       0x34 ./synergy/ssp/src/driver/r_ioport/r_ioport.o
                0x000006f0                R_IOPORT_PortRead
 .text.R_IOPORT_PortWrite
                0x00000724       0x40 ./synergy/ssp/src/driver/r_ioport/r_ioport.o
                0x00000724                R_IOPORT_PortWrite
 .text.R_IOPORT_PortDirectionSet
                0x00000764       0x50 ./synergy/ssp/src/driver/r_ioport/r_ioport.o
                0x00000764                R_IOPORT_PortDirectionSet
 .text.R_IOPORT_PortEventInputRead
                0x000007b4       0x34 ./synergy/ssp/src/driver/r_ioport/r_ioport.o
                0x000007b4                R_IOPORT_PortEventInputRead
 .text.R_IOPORT_PortEventOutputWrite
                0x000007e8       0x3c ./synergy/ssp/src/driver/r_ioport/r_ioport.o
                0x000007e8                R_IOPORT_PortEventOutputWrite
 .text.R_IOPORT_VersionGet
                0x00000824       0x10 ./synergy/ssp/src/driver/r_ioport/r_ioport.o
                0x00000824                R_IOPORT_VersionGet
 .text.bsp_vbatt_init
                0x00000834       0xac ./synergy/ssp/src/driver/r_ioport/r_ioport.o
 .text.R_IOPORT_PinDirectionSet
                0x000008e0       0xd0 ./synergy/ssp/src/driver/r_ioport/r_ioport.o
                0x000008e0                R_IOPORT_PinDirectionSet
 .text.R_IOPORT_EthernetModeCfg
                0x000009b0       0x50 ./synergy/ssp/src/driver/r_ioport/r_ioport.o
                0x000009b0                R_IOPORT_EthernetModeCfg
 .text.R_IOPORT_PinsCfg
                0x00000a00       0xd4 ./synergy/ssp/src/driver/r_ioport/r_ioport.o
                0x00000a00                R_IOPORT_PinsCfg
 .text.R_IOPORT_Init
                0x00000ad4       0x74 ./synergy/ssp/src/driver/r_ioport/r_ioport.o
                0x00000ad4                R_IOPORT_Init
 .text.R_IOPORT_PinRead
                0x00000b48       0x50 ./synergy/ssp/src/driver/r_ioport/r_ioport.o
                0x00000b48                R_IOPORT_PinRead
 .text.R_IOPORT_PinEventInputRead
                0x00000b98       0x5c ./synergy/ssp/src/driver/r_ioport/r_ioport.o
                0x00000b98                R_IOPORT_PinEventInputRead
 .text.R_IOPORT_PinEventOutputWrite
                0x00000bf4       0x64 ./synergy/ssp/src/driver/r_ioport/r_ioport.o
                0x00000bf4                R_IOPORT_PinEventOutputWrite
 .text.R_IOPORT_PinWrite
                0x00000c58       0x54 ./synergy/ssp/src/driver/r_ioport/r_ioport.o
                0x00000c58                R_IOPORT_PinWrite
 .text.R_IOPORT_PinCfg
                0x00000cac       0xc8 ./synergy/ssp/src/driver/r_ioport/r_ioport.o
                0x00000cac                R_IOPORT_PinCfg
 .text.R_ELC_LinkSet
                0x00000d74       0x14 ./synergy/ssp/src/driver/r_elc/r_elc.o
                0x00000d74                R_ELC_LinkSet
 .text.R_ELC_LinkBreak
                0x00000d88       0x14 ./synergy/ssp/src/driver/r_elc/r_elc.o
                0x00000d88                R_ELC_LinkBreak
 .text.R_ELC_Enable
                0x00000d9c       0x14 ./synergy/ssp/src/driver/r_elc/r_elc.o
                0x00000d9c                R_ELC_Enable
 .text.R_ELC_Disable
                0x00000db0       0x14 ./synergy/ssp/src/driver/r_elc/r_elc.o
                0x00000db0                R_ELC_Disable
 .text.R_ELC_VersionGet
                0x00000dc4       0x10 ./synergy/ssp/src/driver/r_elc/r_elc.o
                0x00000dc4                R_ELC_VersionGet
 .text.R_ELC_Init
                0x00000dd4       0x80 ./synergy/ssp/src/driver/r_elc/r_elc.o
                0x00000dd4                R_ELC_Init
 .text.R_ELC_SoftwareEventGenerate
                0x00000e54       0x30 ./synergy/ssp/src/driver/r_elc/r_elc.o
                0x00000e54                R_ELC_SoftwareEventGenerate
 .text.R_CGC_LCDClockCfg
                0x00000e84        0x4 ./synergy/ssp/src/driver/r_cgc/r_cgc.o
                0x00000e84                R_CGC_LCDClockCfg
 .text.R_CGC_LCDClockEnable
                0x00000e88        0x4 ./synergy/ssp/src/driver/r_cgc/r_cgc.o
                0x00000e88                R_CGC_LCDClockEnable
 .text.R_CGC_VersionGet
                0x00000e8c       0x10 ./synergy/ssp/src/driver/r_cgc/r_cgc.o
                0x00000e8c                R_CGC_VersionGet
 .text.r_cgc_init_pllfreq
                0x00000e9c       0xd8 ./synergy/ssp/src/driver/r_cgc/r_cgc.o
 .text.R_CGC_SystemClockFreqGet
                0x00000f74       0xb0 ./synergy/ssp/src/driver/r_cgc/r_cgc.o
                0x00000f74                R_CGC_SystemClockFreqGet
 .text.R_CGC_BusClockOutCfg
                0x00001024       0x28 ./synergy/ssp/src/driver/r_cgc/r_cgc.o
                0x00001024                R_CGC_BusClockOutCfg
 .text.R_CGC_BusClockOutEnable
                0x0000104c       0x28 ./synergy/ssp/src/driver/r_cgc/r_cgc.o
                0x0000104c                R_CGC_BusClockOutEnable
 .text.R_CGC_BusClockOutDisable
                0x00001074       0x28 ./synergy/ssp/src/driver/r_cgc/r_cgc.o
                0x00001074                R_CGC_BusClockOutDisable
 .text.R_CGC_ClockOutEnable
                0x0000109c       0x28 ./synergy/ssp/src/driver/r_cgc/r_cgc.o
                0x0000109c                R_CGC_ClockOutEnable
 .text.R_CGC_ClockOutDisable
                0x000010c4       0x28 ./synergy/ssp/src/driver/r_cgc/r_cgc.o
                0x000010c4                R_CGC_ClockOutDisable
 .text.R_CGC_SDRAMClockOutEnable
                0x000010ec       0x28 ./synergy/ssp/src/driver/r_cgc/r_cgc.o
                0x000010ec                R_CGC_SDRAMClockOutEnable
 .text.R_CGC_SDRAMClockOutDisable
                0x00001114       0x28 ./synergy/ssp/src/driver/r_cgc/r_cgc.o
                0x00001114                R_CGC_SDRAMClockOutDisable
 .text.R_CGC_USBClockCfg
                0x0000113c       0x28 ./synergy/ssp/src/driver/r_cgc/r_cgc.o
                0x0000113c                R_CGC_USBClockCfg
 .text.R_CGC_SystickUpdate.part.0
                0x00001164       0x84 ./synergy/ssp/src/driver/r_cgc/r_cgc.o
 .text.R_CGC_SystickUpdate
                0x000011e8        0xc ./synergy/ssp/src/driver/r_cgc/r_cgc.o
                0x000011e8                R_CGC_SystickUpdate
 .text.R_CGC_ClockOutCfg
                0x000011f4       0x5c ./synergy/ssp/src/driver/r_cgc/r_cgc.o
                0x000011f4                R_CGC_ClockOutCfg
 .text.r_cgc_system_dividers_set.isra.0
                0x00001250       0x5c ./synergy/ssp/src/driver/r_cgc/r_cgc.o
 .text.R_CGC_OscStopStatusClear
                0x000012ac       0x64 ./synergy/ssp/src/driver/r_cgc/r_cgc.o
                0x000012ac                R_CGC_OscStopStatusClear
 .text.R_CGC_SDADCClockCfg
                0x00001310        0x4 ./synergy/ssp/src/driver/r_cgc/r_cgc.o
                0x00001310                R_CGC_SDADCClockCfg
 .text.R_CGC_SDADCClockEnable
                0x00001314        0x4 ./synergy/ssp/src/driver/r_cgc/r_cgc.o
                0x00001314                R_CGC_SDADCClockEnable
 .text.R_CGC_SDADCClockDisable
                0x00001318        0x4 ./synergy/ssp/src/driver/r_cgc/r_cgc.o
                0x00001318                R_CGC_SDADCClockDisable
 .text.R_CGC_LCDClockDisable
                0x0000131c        0x4 ./synergy/ssp/src/driver/r_cgc/r_cgc.o
                0x0000131c                R_CGC_LCDClockDisable
 .text.R_CGC_SystemClockGet
                0x00001320       0x5c ./synergy/ssp/src/driver/r_cgc/r_cgc.o
                0x00001320                R_CGC_SystemClockGet
 .text.R_CGC_OscStopDetect
                0x0000137c      0x108 ./synergy/ssp/src/driver/r_cgc/r_cgc.o
                0x0000137c                R_CGC_OscStopDetect
 .text.R_CGC_Init
                0x00001484      0x11c ./synergy/ssp/src/driver/r_cgc/r_cgc.o
                0x00001484                R_CGC_Init
 .text.r_cgc_clock_run_state_get
                0x000015a0       0x68 ./synergy/ssp/src/driver/r_cgc/r_cgc.o
                0x000015a0                r_cgc_clock_run_state_get
 .text.R_CGC_ClockStop
                0x00001608      0x160 ./synergy/ssp/src/driver/r_cgc/r_cgc.o
                0x00001608                R_CGC_ClockStop
 .text.R_CGC_ClockCheck
                0x00001768       0x8c ./synergy/ssp/src/driver/r_cgc/r_cgc.o
                0x00001768                R_CGC_ClockCheck
 .text.r_cgc_operating_hw_modeset
                0x000017f4      0x100 ./synergy/ssp/src/driver/r_cgc/r_cgc.o
                0x000017f4                r_cgc_operating_hw_modeset
 .text.r_cgc_operating_mode_set
                0x000018f4       0x50 ./synergy/ssp/src/driver/r_cgc/r_cgc.o
 .text.R_CGC_SystemClockSet
                0x00001944      0x1e0 ./synergy/ssp/src/driver/r_cgc/r_cgc.o
                0x00001944                R_CGC_SystemClockSet
 .text.R_CGC_ClockStart.part.0
                0x00001b24      0x3e4 ./synergy/ssp/src/driver/r_cgc/r_cgc.o
 .text.R_CGC_ClockStart
                0x00001f08       0x70 ./synergy/ssp/src/driver/r_cgc/r_cgc.o
                0x00001f08                R_CGC_ClockStart
 .text.r_cgc_clock_start_stop
                0x00001f78       0xc8 ./synergy/ssp/src/driver/r_cgc/r_cgc.o
 .text.R_CGC_ClocksCfg
                0x00002040      0x16c ./synergy/ssp/src/driver/r_cgc/r_cgc.o
                0x00002040                R_CGC_ClocksCfg
 .text.R_BSP_CacheOff
                0x000021ac       0x28 ./synergy/ssp/src/bsp/mcu/s7g2/bsp_cache.o
                0x000021ac                R_BSP_CacheOff
 .text.R_BSP_CacheSet
                0x000021d4       0x48 ./synergy/ssp/src/bsp/mcu/s7g2/bsp_cache.o
                0x000021d4                R_BSP_CacheSet
 .text.bsp_clock_init
                0x0000221c       0x9c ./synergy/ssp/src/bsp/mcu/s7g2/bsp_clocks.o
                0x0000221c                bsp_clock_init
 .text.bsp_cpu_clock_get
                0x000022b8       0x20 ./synergy/ssp/src/bsp/mcu/s7g2/bsp_clocks.o
                0x000022b8                bsp_cpu_clock_get
 .text.bsp_clock_set_callback
                0x000022d8      0x12c ./synergy/ssp/src/bsp/mcu/s7g2/bsp_clocks.o
                0x000022d8                bsp_clock_set_callback
 .text.R_BSP_FeatureIoportGet
                0x00002404       0x10 ./synergy/ssp/src/bsp/mcu/s7g2/bsp_feature.o
                0x00002404                R_BSP_FeatureIoportGet
 .text.R_BSP_FeatureCgcGet
                0x00002414        0xc ./synergy/ssp/src/bsp/mcu/s7g2/bsp_feature.o
                0x00002414                R_BSP_FeatureCgcGet
 .text.bsp_group_interrupt_open
                0x00002420       0x10 ./synergy/ssp/src/bsp/mcu/s7g2/bsp_group_irq.o
                0x00002420                bsp_group_interrupt_open
 .text.R_BSP_GroupIrqWrite
                0x00002430       0x10 ./synergy/ssp/src/bsp/mcu/s7g2/bsp_group_irq.o
                0x00002430                R_BSP_GroupIrqWrite
 .text.NMI_Handler
                0x00002440      0x1c8 ./synergy/ssp/src/bsp/mcu/s7g2/bsp_group_irq.o
                0x00002440                NMI_Handler
 .text.R_BSP_ModuleStart
                0x00002608       0x88 ./synergy/ssp/src/bsp/mcu/s7g2/bsp_module_stop.o
                0x00002608                R_BSP_ModuleStart
 .text.R_BSP_LedsGet
                0x00002690       0x24 ./synergy/ssp/src/bsp/mcu/all/bsp_common_leds.o
                0x00002690                R_BSP_LedsGet
 .text.software_delay_loop
                0x000026b4        0xc ./synergy/ssp/src/bsp/mcu/all/bsp_delay.o
 .text.R_BSP_SoftwareDelay
                0x000026c0       0x60 ./synergy/ssp/src/bsp/mcu/all/bsp_delay.o
                0x000026c0                R_BSP_SoftwareDelay
 .text.bsp_irq_cfg
                0x00002720       0x40 ./synergy/ssp/src/bsp/mcu/all/bsp_irq.o
                0x00002720                bsp_irq_cfg
 .text.bsp_init_hardware_locks
                0x00002760       0x60 ./synergy/ssp/src/bsp/mcu/all/bsp_locking.o
                0x00002760                bsp_init_hardware_locks
 .text.R_BSP_RegisterProtectEnable
                0x000027c0       0x60 ./synergy/ssp/src/bsp/mcu/all/bsp_register_protection.o
                0x000027c0                R_BSP_RegisterProtectEnable
 .text.R_BSP_RegisterProtectDisable
                0x00002820       0x54 ./synergy/ssp/src/bsp/mcu/all/bsp_register_protection.o
                0x00002820                R_BSP_RegisterProtectDisable
 .text.bsp_register_protect_open
                0x00002874       0x10 ./synergy/ssp/src/bsp/mcu/all/bsp_register_protection.o
                0x00002874                bsp_register_protect_open
 .text._sbrk    0x00002884       0x3c ./synergy/ssp/src/bsp/mcu/all/bsp_sbrk.o
                0x00002884                _sbrk
 .text.Default_Handler
                0x000028c0        0x4 ./synergy/ssp/src/bsp/cmsis/Device/RENESAS/S7G2/Source/startup_S7G2.o
                0x000028c0                HardFault_Handler
                0x000028c0                UsageFault_Handler
                0x000028c0                Default_Handler
                0x000028c0                MemManage_Handler
                0x000028c0                SVC_Handler
                0x000028c0                BusFault_Handler
                0x000028c0                DebugMon_Handler
 .text.Reset_Handler
                0x000028c4        0xc ./synergy/ssp/src/bsp/cmsis/Device/RENESAS/S7G2/Source/startup_S7G2.o
                0x000028c4                Reset_Handler
 .text.R_BSP_WarmStart
                0x000028d0        0x4 ./synergy/ssp/src/bsp/cmsis/Device/RENESAS/S7G2/Source/system_S7G2.o
                0x000028d0                R_BSP_WarmStart
 .text.SystemInit
                0x000028d4      0x160 ./synergy/ssp/src/bsp/cmsis/Device/RENESAS/S7G2/Source/system_S7G2.o
                0x000028d4                SystemInit
 .text.bsp_init
                0x00002a34        0x4 ./synergy/board/s7g2_sk/bsp_init.o
                0x00002a34                bsp_init
 .text.bsp_qspi_xip_enter
                0x00002a38       0x58 ./synergy/board/s7g2_sk/bsp_qspi.o
                0x00002a38                bsp_qspi_xip_enter
 .text.bsp_qspi_init
                0x00002a90      0x1b0 ./synergy/board/s7g2_sk/bsp_qspi.o
                0x00002a90                bsp_qspi_init
 .text.blinky_thread_func
                0x00002c40       0x10 ./src/synergy_gen/blinky_thread.o
 .text.blinky_thread_create
                0x00002c50       0x58 ./src/synergy_gen/blinky_thread.o
                0x00002c50                blinky_thread_create
 .text.g_common_init
                0x00002ca8        0x4 ./src/synergy_gen/common_data.o
                0x00002ca8                g_common_init
 .text.g_hal_init
                0x00002cac        0x4 ./src/synergy_gen/hal_data.o
                0x00002cac                g_hal_init
 .text.tx_application_define_internal
                0x00002cb0        0x4 ./src/synergy_gen/main.o
                0x00002cb0                tx_application_define_user
                0x00002cb0                tx_application_define_internal
 .text.tx_startup_err_callback_internal
                0x00002cb4        0x4 ./src/synergy_gen/main.o
                0x00002cb4                tx_startup_err_callback_internal
                0x00002cb4                tx_startup_err_callback
 .text.tx_application_define
                0x00002cb8       0x4c ./src/synergy_gen/main.o
                0x00002cb8                tx_application_define
 .text.tx_startup_common_init
                0x00002d04       0x64 ./src/synergy_gen/main.o
                0x00002d04                tx_startup_common_init
 .text.startup.main
                0x00002d68        0xc ./src/synergy_gen/main.o
                0x00002d68                main
 .text.blinky_thread_entry
                0x00002d74       0x48 ./src/blinky_thread_entry.o
                0x00002d74                blinky_thread_entry
 .text.R_FMI_ProductInfoGet
                0x00002dbc       0x34 C:\Users\iones\e2_studio\workspace\Blinky_SK_S7G2\synergy\ssp\src\driver\r_fmi\libs\libfmi_cm4_s7g2_gcc.a(r_fmi.o)
 .text.R_FMI_VersionGet
                0x00002df0       0x10 C:\Users\iones\e2_studio\workspace\Blinky_SK_S7G2\synergy\ssp\src\driver\r_fmi\libs\libfmi_cm4_s7g2_gcc.a(r_fmi.o)
 .text.R_FMI_UniqueIdGet
                0x00002e00       0x40 C:\Users\iones\e2_studio\workspace\Blinky_SK_S7G2\synergy\ssp\src\driver\r_fmi\libs\libfmi_cm4_s7g2_gcc.a(r_fmi.o)
 .text.R_FMI_EventInfoGet
                0x00002e40       0x8c C:\Users\iones\e2_studio\workspace\Blinky_SK_S7G2\synergy\ssp\src\driver\r_fmi\libs\libfmi_cm4_s7g2_gcc.a(r_fmi.o)
 .text.R_FMI_Init
                0x00002ecc       0x90 C:\Users\iones\e2_studio\workspace\Blinky_SK_S7G2\synergy\ssp\src\driver\r_fmi\libs\libfmi_cm4_s7g2_gcc.a(r_fmi.o)
 .text.R_FMI_FeatureGet
                0x00002f5c      0x238 C:\Users\iones\e2_studio\workspace\Blinky_SK_S7G2\synergy\ssp\src\driver\r_fmi\libs\libfmi_cm4_s7g2_gcc.a(r_fmi.o)
 .text._txe_semaphore_create
                0x00003194       0xa0 C:\Users\iones\e2_studio\workspace\Blinky_SK_S7G2\synergy\ssp\src\framework\el\tx\cm4_gcc\libtx.a(txe_semaphore_create.o)
                0x00003194                _txe_semaphore_create
 .text._txe_semaphore_get
                0x00003234       0x2c C:\Users\iones\e2_studio\workspace\Blinky_SK_S7G2\synergy\ssp\src\framework\el\tx\cm4_gcc\libtx.a(txe_semaphore_get.o)
                0x00003234                _txe_semaphore_get
 .text._txe_semaphore_put
                0x00003260       0x18 C:\Users\iones\e2_studio\workspace\Blinky_SK_S7G2\synergy\ssp\src\framework\el\tx\cm4_gcc\libtx.a(txe_semaphore_put.o)
                0x00003260                _txe_semaphore_put
 .text._txe_thread_create
                0x00003278      0x14c C:\Users\iones\e2_studio\workspace\Blinky_SK_S7G2\synergy\ssp\src\framework\el\tx\cm4_gcc\libtx.a(txe_thread_create.o)
                0x00003278                _txe_thread_create
 .text._tx_initialize_high_level
                0x000033c4       0x70 C:\Users\iones\e2_studio\workspace\Blinky_SK_S7G2\synergy\ssp\src\framework\el\tx\cm4_gcc\libtx.a(tx_initialize_high_level.o)
                0x000033c4                _tx_initialize_high_level
 .text._tx_initialize_kernel_enter
                0x00003434       0x48 C:\Users\iones\e2_studio\workspace\Blinky_SK_S7G2\synergy\ssp\src\framework\el\tx\cm4_gcc\libtx.a(tx_initialize_kernel_enter.o)
                0x00003434                _tx_initialize_kernel_enter
 .text._tx_semaphore_create
                0x0000347c       0x54 C:\Users\iones\e2_studio\workspace\Blinky_SK_S7G2\synergy\ssp\src\framework\el\tx\cm4_gcc\libtx.a(tx_semaphore_create.o)
                0x0000347c                _tx_semaphore_create
 .text._tx_semaphore_get
                0x000034d0       0x84 C:\Users\iones\e2_studio\workspace\Blinky_SK_S7G2\synergy\ssp\src\framework\el\tx\cm4_gcc\libtx.a(tx_semaphore_get.o)
                0x000034d0                _tx_semaphore_get
 .text._tx_semaphore_put
                0x00003554       0x54 C:\Users\iones\e2_studio\workspace\Blinky_SK_S7G2\synergy\ssp\src\framework\el\tx\cm4_gcc\libtx.a(tx_semaphore_put.o)
                0x00003554                _tx_semaphore_put
 .text._tx_thread_create
                0x000035a8      0x134 C:\Users\iones\e2_studio\workspace\Blinky_SK_S7G2\synergy\ssp\src\framework\el\tx\cm4_gcc\libtx.a(tx_thread_create.o)
                0x000035a8                _tx_thread_create
 .text._tx_thread_initialize
                0x000036dc       0x64 C:\Users\iones\e2_studio\workspace\Blinky_SK_S7G2\synergy\ssp\src\framework\el\tx\cm4_gcc\libtx.a(tx_thread_initialize.o)
                0x000036dc                _tx_thread_initialize
 .text._tx_thread_shell_entry
                0x00003740       0x54 C:\Users\iones\e2_studio\workspace\Blinky_SK_S7G2\synergy\ssp\src\framework\el\tx\cm4_gcc\libtx.a(tx_thread_shell_entry.o)
                0x00003740                _tx_thread_shell_entry
 .text._tx_thread_sleep
                0x00003794       0x60 C:\Users\iones\e2_studio\workspace\Blinky_SK_S7G2\synergy\ssp\src\framework\el\tx\cm4_gcc\libtx.a(tx_thread_sleep.o)
                0x00003794                _tx_thread_sleep
 .text._tx_thread_system_preempt_check
                0x000037f4       0x3c C:\Users\iones\e2_studio\workspace\Blinky_SK_S7G2\synergy\ssp\src\framework\el\tx\cm4_gcc\libtx.a(tx_thread_system_preempt_check.o)
                0x000037f4                _tx_thread_system_preempt_check
 .text._tx_thread_system_resume
                0x00003830       0xec C:\Users\iones\e2_studio\workspace\Blinky_SK_S7G2\synergy\ssp\src\framework\el\tx\cm4_gcc\libtx.a(tx_thread_system_resume.o)
                0x00003830                _tx_thread_system_resume
 .text._tx_thread_system_suspend
                0x0000391c      0x100 C:\Users\iones\e2_studio\workspace\Blinky_SK_S7G2\synergy\ssp\src\framework\el\tx\cm4_gcc\libtx.a(tx_thread_system_suspend.o)
                0x0000391c                _tx_thread_system_suspend
 .text._tx_thread_timeout
                0x00003a1c       0x30 C:\Users\iones\e2_studio\workspace\Blinky_SK_S7G2\synergy\ssp\src\framework\el\tx\cm4_gcc\libtx.a(tx_thread_timeout.o)
                0x00003a1c                _tx_thread_timeout
 .text._tx_timer_initialize
                0x00003a4c       0x74 C:\Users\iones\e2_studio\workspace\Blinky_SK_S7G2\synergy\ssp\src\framework\el\tx\cm4_gcc\libtx.a(tx_timer_initialize.o)
                0x00003a4c                _tx_timer_initialize
 .text._tx_timer_system_activate
                0x00003ac0       0x54 C:\Users\iones\e2_studio\workspace\Blinky_SK_S7G2\synergy\ssp\src\framework\el\tx\cm4_gcc\libtx.a(tx_timer_system_activate.o)
                0x00003ac0                _tx_timer_system_activate
 .text._tx_timer_system_deactivate
                0x00003b14       0x2c C:\Users\iones\e2_studio\workspace\Blinky_SK_S7G2\synergy\ssp\src\framework\el\tx\cm4_gcc\libtx.a(tx_timer_system_deactivate.o)
                0x00003b14                _tx_timer_system_deactivate
 .text._tx_initialize_low_level
                0x00003b40       0x88 C:\Users\iones\e2_studio\workspace\Blinky_SK_S7G2\synergy\ssp\src\framework\el\tx\cm4_gcc\libtx.a(tx_initialize_low_level.o)
                0x00003b40                _tx_initialize_low_level
 .text._tx_thread_schedule
                0x00003bc8       0x60 C:\Users\iones\e2_studio\workspace\Blinky_SK_S7G2\synergy\ssp\src\framework\el\tx\cm4_gcc\libtx.a(tx_thread_schedule.o)
                0x00003bc8                _tx_thread_schedule
 .text._tx_port_wait_thread_ready
                0x00003c28       0xa8 C:\Users\iones\e2_studio\workspace\Blinky_SK_S7G2\synergy\ssp\src\framework\el\tx\cm4_gcc\libtx.a(tx_thread_schedule.o)
                0x00003c28                _tx_port_wait_thread_ready
 .text.PendSV_Handler
                0x00003cd0       0xa8 C:\Users\iones\e2_studio\workspace\Blinky_SK_S7G2\synergy\ssp\src\framework\el\tx\cm4_gcc\libtx.a(tx_thread_schedule.o)
                0x00003cd0                PendSV_Handler
 .text.SysTick_Handler
                0x00003d78        0x4 C:\Users\iones\e2_studio\workspace\Blinky_SK_S7G2\synergy\ssp\src\framework\el\tx\cm4_gcc\libtx.a(tx_thread_schedule.o)
                0x00003d78                SysTick_Handler
 .text._tx_thread_stack_build
                0x00003d7c       0x50 C:\Users\iones\e2_studio\workspace\Blinky_SK_S7G2\synergy\ssp\src\framework\el\tx\cm4_gcc\libtx.a(tx_thread_stack_build.o)
                0x00003d7c                _tx_thread_stack_build
 .text._tx_timer_interrupt
                0x00003dcc       0xc0 C:\Users\iones\e2_studio\workspace\Blinky_SK_S7G2\synergy\ssp\src\framework\el\tx\cm4_gcc\libtx.a(tx_timer_interrupt.o)
                0x00003dcc                _tx_timer_interrupt
 .text._tx_semaphore_cleanup
                0x00003e8c       0x80 C:\Users\iones\e2_studio\workspace\Blinky_SK_S7G2\synergy\ssp\src\framework\el\tx\cm4_gcc\libtx.a(tx_semaphore_cleanup.o)
                0x00003e8c                _tx_semaphore_cleanup
 .text._tx_thread_time_slice
                0x00003f0c       0x6c C:\Users\iones\e2_studio\workspace\Blinky_SK_S7G2\synergy\ssp\src\framework\el\tx\cm4_gcc\libtx.a(tx_thread_time_slice.o)
                0x00003f0c                _tx_thread_time_slice
 .text._tx_timer_expiration_process
                0x00003f78      0x104 C:\Users\iones\e2_studio\workspace\Blinky_SK_S7G2\synergy\ssp\src\framework\el\tx\cm4_gcc\libtx.a(tx_timer_expiration_process.o)
                0x00003f78                _tx_timer_expiration_process
 .text.__errno  0x0000407c        0xc c:/renesas/synergy/e2studio_v2024-01.1_ssp_v2.6.1/toolchains/gcc_arm/gcc-arm-none-eabi-10.3-2021.10/bin/../lib/gcc/arm-none-eabi/10.3.1/../../../../arm-none-eabi/lib/thumb/v7e-m+fp/hard\libg_nano.a(lib_a-errno.o)
                0x0000407c                __errno
 .text.memcpy   0x00004088       0x1c c:/renesas/synergy/e2studio_v2024-01.1_ssp_v2.6.1/toolchains/gcc_arm/gcc-arm-none-eabi-10.3-2021.10/bin/../lib/gcc/arm-none-eabi/10.3.1/../../../../arm-none-eabi/lib/thumb/v7e-m+fp/hard\libg_nano.a(lib_a-memcpy-stub.o)
                0x00004088                memcpy
 .text.memset   0x000040a4       0x10 c:/renesas/synergy/e2studio_v2024-01.1_ssp_v2.6.1/toolchains/gcc_arm/gcc-arm-none-eabi-10.3-2021.10/bin/../lib/gcc/arm-none-eabi/10.3.1/../../../../arm-none-eabi/lib/thumb/v7e-m+fp/hard\libg_nano.a(lib_a-memset.o)
                0x000040a4                memset
 .text.srand    0x000040b4       0x5c c:/renesas/synergy/e2studio_v2024-01.1_ssp_v2.6.1/toolchains/gcc_arm/gcc-arm-none-eabi-10.3-2021.10/bin/../lib/gcc/arm-none-eabi/10.3.1/../../../../arm-none-eabi/lib/thumb/v7e-m+fp/hard\libg_nano.a(lib_a-rand.o)
                0x000040b4                srand
 .text.__assert_func
                0x00004110       0x3c c:/renesas/synergy/e2studio_v2024-01.1_ssp_v2.6.1/toolchains/gcc_arm/gcc-arm-none-eabi-10.3-2021.10/bin/../lib/gcc/arm-none-eabi/10.3.1/../../../../arm-none-eabi/lib/thumb/v7e-m+fp/hard\libg_nano.a(lib_a-assert.o)
                0x00004110                __assert_func
 .text.fprintf  0x0000414c       0x24 c:/renesas/synergy/e2studio_v2024-01.1_ssp_v2.6.1/toolchains/gcc_arm/gcc-arm-none-eabi-10.3-2021.10/bin/../lib/gcc/arm-none-eabi/10.3.1/../../../../arm-none-eabi/lib/thumb/v7e-m+fp/hard\libg_nano.a(lib_a-fprintf.o)
                0x0000414c                fiprintf
                0x0000414c                fprintf
 .text.malloc   0x00004170       0x10 c:/renesas/synergy/e2studio_v2024-01.1_ssp_v2.6.1/toolchains/gcc_arm/gcc-arm-none-eabi-10.3-2021.10/bin/../lib/gcc/arm-none-eabi/10.3.1/../../../../arm-none-eabi/lib/thumb/v7e-m+fp/hard\libg_nano.a(lib_a-malloc.o)
                0x00004170                malloc
 .text._free_r  0x00004180       0x98 c:/renesas/synergy/e2studio_v2024-01.1_ssp_v2.6.1/toolchains/gcc_arm/gcc-arm-none-eabi-10.3-2021.10/bin/../lib/gcc/arm-none-eabi/10.3.1/../../../../arm-none-eabi/lib/thumb/v7e-m+fp/hard\libg_nano.a(lib_a-nano-freer.o)
                0x00004180                _free_r
 .text.sbrk_aligned
                0x00004218       0x40 c:/renesas/synergy/e2studio_v2024-01.1_ssp_v2.6.1/toolchains/gcc_arm/gcc-arm-none-eabi-10.3-2021.10/bin/../lib/gcc/arm-none-eabi/10.3.1/../../../../arm-none-eabi/lib/thumb/v7e-m+fp/hard\libg_nano.a(lib_a-nano-mallocr.o)
 .text._malloc_r
                0x00004258       0xe8 c:/renesas/synergy/e2studio_v2024-01.1_ssp_v2.6.1/toolchains/gcc_arm/gcc-arm-none-eabi-10.3-2021.10/bin/../lib/gcc/arm-none-eabi/10.3.1/../../../../arm-none-eabi/lib/thumb/v7e-m+fp/hard\libg_nano.a(lib_a-nano-mallocr.o)
                0x00004258                _malloc_r
 .text.__sfputc_r
                0x00004340       0x2e c:/renesas/synergy/e2studio_v2024-01.1_ssp_v2.6.1/toolchains/gcc_arm/gcc-arm-none-eabi-10.3-2021.10/bin/../lib/gcc/arm-none-eabi/10.3.1/../../../../arm-none-eabi/lib/thumb/v7e-m+fp/hard\libg_nano.a(lib_a-nano-vfprintf.o)
 .text.__sfputs_r
                0x0000436e       0x24 c:/renesas/synergy/e2studio_v2024-01.1_ssp_v2.6.1/toolchains/gcc_arm/gcc-arm-none-eabi-10.3-2021.10/bin/../lib/gcc/arm-none-eabi/10.3.1/../../../../arm-none-eabi/lib/thumb/v7e-m+fp/hard\libg_nano.a(lib_a-nano-vfprintf.o)
                0x0000436e                __sfputs_r
 *fill*         0x00004392        0x2 ff
 .text._vfprintf_r
                0x00004394      0x260 c:/renesas/synergy/e2studio_v2024-01.1_ssp_v2.6.1/toolchains/gcc_arm/gcc-arm-none-eabi-10.3-2021.10/bin/../lib/gcc/arm-none-eabi/10.3.1/../../../../arm-none-eabi/lib/thumb/v7e-m+fp/hard\libg_nano.a(lib_a-nano-vfprintf.o)
                0x00004394                _vfprintf_r
                0x00004394                _vfiprintf_r
 .text._printf_common
                0x000045f4       0xda c:/renesas/synergy/e2studio_v2024-01.1_ssp_v2.6.1/toolchains/gcc_arm/gcc-arm-none-eabi-10.3-2021.10/bin/../lib/gcc/arm-none-eabi/10.3.1/../../../../arm-none-eabi/lib/thumb/v7e-m+fp/hard\libg_nano.a(lib_a-nano-vfprintf_i.o)
                0x000045f4                _printf_common
 *fill*         0x000046ce        0x2 ff
 .text._printf_i
                0x000046d0      0x24c c:/renesas/synergy/e2studio_v2024-01.1_ssp_v2.6.1/toolchains/gcc_arm/gcc-arm-none-eabi-10.3-2021.10/bin/../lib/gcc/arm-none-eabi/10.3.1/../../../../arm-none-eabi/lib/thumb/v7e-m+fp/hard\libg_nano.a(lib_a-nano-vfprintf_i.o)
                0x000046d0                _printf_i
 .text._sbrk_r  0x0000491c       0x20 c:/renesas/synergy/e2studio_v2024-01.1_ssp_v2.6.1/toolchains/gcc_arm/gcc-arm-none-eabi-10.3-2021.10/bin/../lib/gcc/arm-none-eabi/10.3.1/../../../../arm-none-eabi/lib/thumb/v7e-m+fp/hard\libg_nano.a(lib_a-sbrkr.o)
                0x0000491c                _sbrk_r
 .text.__swbuf_r
                0x0000493c       0xa4 c:/renesas/synergy/e2studio_v2024-01.1_ssp_v2.6.1/toolchains/gcc_arm/gcc-arm-none-eabi-10.3-2021.10/bin/../lib/gcc/arm-none-eabi/10.3.1/../../../../arm-none-eabi/lib/thumb/v7e-m+fp/hard\libg_nano.a(lib_a-wbuf.o)
                0x0000493c                __swbuf_r
 .text.__swsetup_r
                0x000049e0       0xdc c:/renesas/synergy/e2studio_v2024-01.1_ssp_v2.6.1/toolchains/gcc_arm/gcc-arm-none-eabi-10.3-2021.10/bin/../lib/gcc/arm-none-eabi/10.3.1/../../../../arm-none-eabi/lib/thumb/v7e-m+fp/hard\libg_nano.a(lib_a-wsetup.o)
                0x000049e0                __swsetup_r
 .text.abort    0x00004abc        0xe c:/renesas/synergy/e2studio_v2024-01.1_ssp_v2.6.1/toolchains/gcc_arm/gcc-arm-none-eabi-10.3-2021.10/bin/../lib/gcc/arm-none-eabi/10.3.1/../../../../arm-none-eabi/lib/thumb/v7e-m+fp/hard\libg_nano.a(lib_a-abort.o)
                0x00004abc                abort
 *fill*         0x00004aca        0x2 ff
 .text.__sflush_r
                0x00004acc      0x10c c:/renesas/synergy/e2studio_v2024-01.1_ssp_v2.6.1/toolchains/gcc_arm/gcc-arm-none-eabi-10.3-2021.10/bin/../lib/gcc/arm-none-eabi/10.3.1/../../../../arm-none-eabi/lib/thumb/v7e-m+fp/hard\libg_nano.a(lib_a-fflush.o)
                0x00004acc                __sflush_r
 .text._fflush_r
                0x00004bd8       0x78 c:/renesas/synergy/e2studio_v2024-01.1_ssp_v2.6.1/toolchains/gcc_arm/gcc-arm-none-eabi-10.3-2021.10/bin/../lib/gcc/arm-none-eabi/10.3.1/../../../../arm-none-eabi/lib/thumb/v7e-m+fp/hard\libg_nano.a(lib_a-fflush.o)
                0x00004bd8                _fflush_r
 .text.std      0x00004c50       0x48 c:/renesas/synergy/e2studio_v2024-01.1_ssp_v2.6.1/toolchains/gcc_arm/gcc-arm-none-eabi-10.3-2021.10/bin/../lib/gcc/arm-none-eabi/10.3.1/../../../../arm-none-eabi/lib/thumb/v7e-m+fp/hard\libg_nano.a(lib_a-findfp.o)
 .text._cleanup_r
                0x00004c98        0xc c:/renesas/synergy/e2studio_v2024-01.1_ssp_v2.6.1/toolchains/gcc_arm/gcc-arm-none-eabi-10.3-2021.10/bin/../lib/gcc/arm-none-eabi/10.3.1/../../../../arm-none-eabi/lib/thumb/v7e-m+fp/hard\libg_nano.a(lib_a-findfp.o)
                0x00004c98                _cleanup_r
 .text.__sfmoreglue
                0x00004ca4       0x2c c:/renesas/synergy/e2studio_v2024-01.1_ssp_v2.6.1/toolchains/gcc_arm/gcc-arm-none-eabi-10.3-2021.10/bin/../lib/gcc/arm-none-eabi/10.3.1/../../../../arm-none-eabi/lib/thumb/v7e-m+fp/hard\libg_nano.a(lib_a-findfp.o)
                0x00004ca4                __sfmoreglue
 .text.__sfp_lock_acquire
                0x00004cd0        0xc c:/renesas/synergy/e2studio_v2024-01.1_ssp_v2.6.1/toolchains/gcc_arm/gcc-arm-none-eabi-10.3-2021.10/bin/../lib/gcc/arm-none-eabi/10.3.1/../../../../arm-none-eabi/lib/thumb/v7e-m+fp/hard\libg_nano.a(lib_a-findfp.o)
                0x00004cd0                __sfp_lock_acquire
 .text.__sfp_lock_release
                0x00004cdc        0xc c:/renesas/synergy/e2studio_v2024-01.1_ssp_v2.6.1/toolchains/gcc_arm/gcc-arm-none-eabi-10.3-2021.10/bin/../lib/gcc/arm-none-eabi/10.3.1/../../../../arm-none-eabi/lib/thumb/v7e-m+fp/hard\libg_nano.a(lib_a-findfp.o)
                0x00004cdc                __sfp_lock_release
 .text.__sinit_lock_acquire
                0x00004ce8        0xc c:/renesas/synergy/e2studio_v2024-01.1_ssp_v2.6.1/toolchains/gcc_arm/gcc-arm-none-eabi-10.3-2021.10/bin/../lib/gcc/arm-none-eabi/10.3.1/../../../../arm-none-eabi/lib/thumb/v7e-m+fp/hard\libg_nano.a(lib_a-findfp.o)
                0x00004ce8                __sinit_lock_acquire
 .text.__sinit_lock_release
                0x00004cf4        0xc c:/renesas/synergy/e2studio_v2024-01.1_ssp_v2.6.1/toolchains/gcc_arm/gcc-arm-none-eabi-10.3-2021.10/bin/../lib/gcc/arm-none-eabi/10.3.1/../../../../arm-none-eabi/lib/thumb/v7e-m+fp/hard\libg_nano.a(lib_a-findfp.o)
                0x00004cf4                __sinit_lock_release
 .text.__sinit  0x00004d00       0x70 c:/renesas/synergy/e2studio_v2024-01.1_ssp_v2.6.1/toolchains/gcc_arm/gcc-arm-none-eabi-10.3-2021.10/bin/../lib/gcc/arm-none-eabi/10.3.1/../../../../arm-none-eabi/lib/thumb/v7e-m+fp/hard\libg_nano.a(lib_a-findfp.o)
                0x00004d00                __sinit
 .text.__sfp    0x00004d70       0x8c c:/renesas/synergy/e2studio_v2024-01.1_ssp_v2.6.1/toolchains/gcc_arm/gcc-arm-none-eabi-10.3-2021.10/bin/../lib/gcc/arm-none-eabi/10.3.1/../../../../arm-none-eabi/lib/thumb/v7e-m+fp/hard\libg_nano.a(lib_a-findfp.o)
                0x00004d70                __sfp
 .text._fwalk_reent
                0x00004dfc       0x3e c:/renesas/synergy/e2studio_v2024-01.1_ssp_v2.6.1/toolchains/gcc_arm/gcc-arm-none-eabi-10.3-2021.10/bin/../lib/gcc/arm-none-eabi/10.3.1/../../../../arm-none-eabi/lib/thumb/v7e-m+fp/hard\libg_nano.a(lib_a-fwalk.o)
                0x00004dfc                _fwalk_reent
 .text.__retarget_lock_init_recursive
                0x00004e3a        0x2 c:/renesas/synergy/e2studio_v2024-01.1_ssp_v2.6.1/toolchains/gcc_arm/gcc-arm-none-eabi-10.3-2021.10/bin/../lib/gcc/arm-none-eabi/10.3.1/../../../../arm-none-eabi/lib/thumb/v7e-m+fp/hard\libg_nano.a(lib_a-lock.o)
                0x00004e3a                __retarget_lock_init_recursive
 .text.__retarget_lock_acquire_recursive
                0x00004e3c        0x2 c:/renesas/synergy/e2studio_v2024-01.1_ssp_v2.6.1/toolchains/gcc_arm/gcc-arm-none-eabi-10.3-2021.10/bin/../lib/gcc/arm-none-eabi/10.3.1/../../../../arm-none-eabi/lib/thumb/v7e-m+fp/hard\libg_nano.a(lib_a-lock.o)
                0x00004e3c                __retarget_lock_acquire_recursive
 .text.__retarget_lock_release_recursive
                0x00004e3e        0x2 c:/renesas/synergy/e2studio_v2024-01.1_ssp_v2.6.1/toolchains/gcc_arm/gcc-arm-none-eabi-10.3-2021.10/bin/../lib/gcc/arm-none-eabi/10.3.1/../../../../arm-none-eabi/lib/thumb/v7e-m+fp/hard\libg_nano.a(lib_a-lock.o)
                0x00004e3e                __retarget_lock_release_recursive
 .text.__swhatbuf_r
                0x00004e40       0x4a c:/renesas/synergy/e2studio_v2024-01.1_ssp_v2.6.1/toolchains/gcc_arm/gcc-arm-none-eabi-10.3-2021.10/bin/../lib/gcc/arm-none-eabi/10.3.1/../../../../arm-none-eabi/lib/thumb/v7e-m+fp/hard\libg_nano.a(lib_a-makebuf.o)
                0x00004e40                __swhatbuf_r
 *fill*         0x00004e8a        0x2 ff
 .text.__smakebuf_r
                0x00004e8c       0x80 c:/renesas/synergy/e2studio_v2024-01.1_ssp_v2.6.1/toolchains/gcc_arm/gcc-arm-none-eabi-10.3-2021.10/bin/../lib/gcc/arm-none-eabi/10.3.1/../../../../arm-none-eabi/lib/thumb/v7e-m+fp/hard\libg_nano.a(lib_a-makebuf.o)
                0x00004e8c                __smakebuf_r
 *fill*         0x00004f0c        0x4 ff
 .text          0x00004f10       0xa0 c:/renesas/synergy/e2studio_v2024-01.1_ssp_v2.6.1/toolchains/gcc_arm/gcc-arm-none-eabi-10.3-2021.10/bin/../lib/gcc/arm-none-eabi/10.3.1/../../../../arm-none-eabi/lib/thumb/v7e-m+fp/hard\libg_nano.a(lib_a-memchr.o)
                0x00004f10                memchr
 .text.__malloc_lock
                0x00004fb0        0xc c:/renesas/synergy/e2studio_v2024-01.1_ssp_v2.6.1/toolchains/gcc_arm/gcc-arm-none-eabi-10.3-2021.10/bin/../lib/gcc/arm-none-eabi/10.3.1/../../../../arm-none-eabi/lib/thumb/v7e-m+fp/hard\libg_nano.a(lib_a-mlock.o)
                0x00004fb0                __malloc_lock
 .text.__malloc_unlock
                0x00004fbc        0xc c:/renesas/synergy/e2studio_v2024-01.1_ssp_v2.6.1/toolchains/gcc_arm/gcc-arm-none-eabi-10.3-2021.10/bin/../lib/gcc/arm-none-eabi/10.3.1/../../../../arm-none-eabi/lib/thumb/v7e-m+fp/hard\libg_nano.a(lib_a-mlock.o)
                0x00004fbc                __malloc_unlock
 .text._raise_r
                0x00004fc8       0x50 c:/renesas/synergy/e2studio_v2024-01.1_ssp_v2.6.1/toolchains/gcc_arm/gcc-arm-none-eabi-10.3-2021.10/bin/../lib/gcc/arm-none-eabi/10.3.1/../../../../arm-none-eabi/lib/thumb/v7e-m+fp/hard\libg_nano.a(lib_a-signal.o)
                0x00004fc8                _raise_r
 .text.raise    0x00005018       0x10 c:/renesas/synergy/e2studio_v2024-01.1_ssp_v2.6.1/toolchains/gcc_arm/gcc-arm-none-eabi-10.3-2021.10/bin/../lib/gcc/arm-none-eabi/10.3.1/../../../../arm-none-eabi/lib/thumb/v7e-m+fp/hard\libg_nano.a(lib_a-signal.o)
                0x00005018                raise
 .text._kill_r  0x00005028       0x24 c:/renesas/synergy/e2studio_v2024-01.1_ssp_v2.6.1/toolchains/gcc_arm/gcc-arm-none-eabi-10.3-2021.10/bin/../lib/gcc/arm-none-eabi/10.3.1/../../../../arm-none-eabi/lib/thumb/v7e-m+fp/hard\libg_nano.a(lib_a-signalr.o)
                0x00005028                _kill_r
 .text._getpid_r
                0x0000504c        0x4 c:/renesas/synergy/e2studio_v2024-01.1_ssp_v2.6.1/toolchains/gcc_arm/gcc-arm-none-eabi-10.3-2021.10/bin/../lib/gcc/arm-none-eabi/10.3.1/../../../../arm-none-eabi/lib/thumb/v7e-m+fp/hard\libg_nano.a(lib_a-signalr.o)
                0x0000504c                _getpid_r
 .text.__sread  0x00005050       0x22 c:/renesas/synergy/e2studio_v2024-01.1_ssp_v2.6.1/toolchains/gcc_arm/gcc-arm-none-eabi-10.3-2021.10/bin/../lib/gcc/arm-none-eabi/10.3.1/../../../../arm-none-eabi/lib/thumb/v7e-m+fp/hard\libg_nano.a(lib_a-stdio.o)
                0x00005050                __sread
 .text.__swrite
                0x00005072       0x38 c:/renesas/synergy/e2studio_v2024-01.1_ssp_v2.6.1/toolchains/gcc_arm/gcc-arm-none-eabi-10.3-2021.10/bin/../lib/gcc/arm-none-eabi/10.3.1/../../../../arm-none-eabi/lib/thumb/v7e-m+fp/hard\libg_nano.a(lib_a-stdio.o)
                0x00005072                __swrite
 .text.__sseek  0x000050aa       0x24 c:/renesas/synergy/e2studio_v2024-01.1_ssp_v2.6.1/toolchains/gcc_arm/gcc-arm-none-eabi-10.3-2021.10/bin/../lib/gcc/arm-none-eabi/10.3.1/../../../../arm-none-eabi/lib/thumb/v7e-m+fp/hard\libg_nano.a(lib_a-stdio.o)
                0x000050aa                __sseek
 .text.__sclose
                0x000050ce        0x8 c:/renesas/synergy/e2studio_v2024-01.1_ssp_v2.6.1/toolchains/gcc_arm/gcc-arm-none-eabi-10.3-2021.10/bin/../lib/gcc/arm-none-eabi/10.3.1/../../../../arm-none-eabi/lib/thumb/v7e-m+fp/hard\libg_nano.a(lib_a-stdio.o)
                0x000050ce                __sclose
 *fill*         0x000050d6        0x2 ff
 .text._write_r
                0x000050d8       0x24 c:/renesas/synergy/e2studio_v2024-01.1_ssp_v2.6.1/toolchains/gcc_arm/gcc-arm-none-eabi-10.3-2021.10/bin/../lib/gcc/arm-none-eabi/10.3.1/../../../../arm-none-eabi/lib/thumb/v7e-m+fp/hard\libg_nano.a(lib_a-writer.o)
                0x000050d8                _write_r
 .text._close_r
                0x000050fc       0x20 c:/renesas/synergy/e2studio_v2024-01.1_ssp_v2.6.1/toolchains/gcc_arm/gcc-arm-none-eabi-10.3-2021.10/bin/../lib/gcc/arm-none-eabi/10.3.1/../../../../arm-none-eabi/lib/thumb/v7e-m+fp/hard\libg_nano.a(lib_a-closer.o)
                0x000050fc                _close_r
 .text._fstat_r
                0x0000511c       0x24 c:/renesas/synergy/e2studio_v2024-01.1_ssp_v2.6.1/toolchains/gcc_arm/gcc-arm-none-eabi-10.3-2021.10/bin/../lib/gcc/arm-none-eabi/10.3.1/../../../../arm-none-eabi/lib/thumb/v7e-m+fp/hard\libg_nano.a(lib_a-fstatr.o)
                0x0000511c                _fstat_r
 .text._isatty_r
                0x00005140       0x20 c:/renesas/synergy/e2studio_v2024-01.1_ssp_v2.6.1/toolchains/gcc_arm/gcc-arm-none-eabi-10.3-2021.10/bin/../lib/gcc/arm-none-eabi/10.3.1/../../../../arm-none-eabi/lib/thumb/v7e-m+fp/hard\libg_nano.a(lib_a-isattyr.o)
                0x00005140                _isatty_r
 .text._lseek_r
                0x00005160       0x24 c:/renesas/synergy/e2studio_v2024-01.1_ssp_v2.6.1/toolchains/gcc_arm/gcc-arm-none-eabi-10.3-2021.10/bin/../lib/gcc/arm-none-eabi/10.3.1/../../../../arm-none-eabi/lib/thumb/v7e-m+fp/hard\libg_nano.a(lib_a-lseekr.o)
                0x00005160                _lseek_r
 .text._read_r  0x00005184       0x24 c:/renesas/synergy/e2studio_v2024-01.1_ssp_v2.6.1/toolchains/gcc_arm/gcc-arm-none-eabi-10.3-2021.10/bin/../lib/gcc/arm-none-eabi/10.3.1/../../../../arm-none-eabi/lib/thumb/v7e-m+fp/hard\libg_nano.a(lib_a-readr.o)
                0x00005184                _read_r
 .text.findslot
                0x000051a8       0x34 c:/renesas/synergy/e2studio_v2024-01.1_ssp_v2.6.1/toolchains/gcc_arm/gcc-arm-none-eabi-10.3-2021.10/bin/../lib/gcc/arm-none-eabi/10.3.1/../../../../arm-none-eabi/lib/thumb/v7e-m+fp/hard\librdimon_nano.a(rdimon-syscalls.o)
 .text.error    0x000051dc       0x1c c:/renesas/synergy/e2studio_v2024-01.1_ssp_v2.6.1/toolchains/gcc_arm/gcc-arm-none-eabi-10.3-2021.10/bin/../lib/gcc/arm-none-eabi/10.3.1/../../../../arm-none-eabi/lib/thumb/v7e-m+fp/hard\librdimon_nano.a(rdimon-syscalls.o)
 .text.checkerror
                0x000051f8        0xa c:/renesas/synergy/e2studio_v2024-01.1_ssp_v2.6.1/toolchains/gcc_arm/gcc-arm-none-eabi-10.3-2021.10/bin/../lib/gcc/arm-none-eabi/10.3.1/../../../../arm-none-eabi/lib/thumb/v7e-m+fp/hard\librdimon_nano.a(rdimon-syscalls.o)
 .text._swiread
                0x00005202       0x20 c:/renesas/synergy/e2studio_v2024-01.1_ssp_v2.6.1/toolchains/gcc_arm/gcc-arm-none-eabi-10.3-2021.10/bin/../lib/gcc/arm-none-eabi/10.3.1/../../../../arm-none-eabi/lib/thumb/v7e-m+fp/hard\librdimon_nano.a(rdimon-syscalls.o)
                0x00005202                _swiread
 .text._read    0x00005222       0x38 c:/renesas/synergy/e2studio_v2024-01.1_ssp_v2.6.1/toolchains/gcc_arm/gcc-arm-none-eabi-10.3-2021.10/bin/../lib/gcc/arm-none-eabi/10.3.1/../../../../arm-none-eabi/lib/thumb/v7e-m+fp/hard\librdimon_nano.a(rdimon-syscalls.o)
                0x00005222                _read
 .text._swilseek
                0x0000525a       0x78 c:/renesas/synergy/e2studio_v2024-01.1_ssp_v2.6.1/toolchains/gcc_arm/gcc-arm-none-eabi-10.3-2021.10/bin/../lib/gcc/arm-none-eabi/10.3.1/../../../../arm-none-eabi/lib/thumb/v7e-m+fp/hard\librdimon_nano.a(rdimon-syscalls.o)
                0x0000525a                _swilseek
 .text._lseek   0x000052d2        0x4 c:/renesas/synergy/e2studio_v2024-01.1_ssp_v2.6.1/toolchains/gcc_arm/gcc-arm-none-eabi-10.3-2021.10/bin/../lib/gcc/arm-none-eabi/10.3.1/../../../../arm-none-eabi/lib/thumb/v7e-m+fp/hard\librdimon_nano.a(rdimon-syscalls.o)
                0x000052d2                _lseek
 .text._swiwrite
                0x000052d6       0x20 c:/renesas/synergy/e2studio_v2024-01.1_ssp_v2.6.1/toolchains/gcc_arm/gcc-arm-none-eabi-10.3-2021.10/bin/../lib/gcc/arm-none-eabi/10.3.1/../../../../arm-none-eabi/lib/thumb/v7e-m+fp/hard\librdimon_nano.a(rdimon-syscalls.o)
                0x000052d6                _swiwrite
 .text._write   0x000052f6       0x48 c:/renesas/synergy/e2studio_v2024-01.1_ssp_v2.6.1/toolchains/gcc_arm/gcc-arm-none-eabi-10.3-2021.10/bin/../lib/gcc/arm-none-eabi/10.3.1/../../../../arm-none-eabi/lib/thumb/v7e-m+fp/hard\librdimon_nano.a(rdimon-syscalls.o)
                0x000052f6                _write
 .text._swiclose
                0x0000533e       0x1a c:/renesas/synergy/e2studio_v2024-01.1_ssp_v2.6.1/toolchains/gcc_arm/gcc-arm-none-eabi-10.3-2021.10/bin/../lib/gcc/arm-none-eabi/10.3.1/../../../../arm-none-eabi/lib/thumb/v7e-m+fp/hard\librdimon_nano.a(rdimon-syscalls.o)
                0x0000533e                _swiclose
 .text._close   0x00005358       0x4c c:/renesas/synergy/e2studio_v2024-01.1_ssp_v2.6.1/toolchains/gcc_arm/gcc-arm-none-eabi-10.3-2021.10/bin/../lib/gcc/arm-none-eabi/10.3.1/../../../../arm-none-eabi/lib/thumb/v7e-m+fp/hard\librdimon_nano.a(rdimon-syscalls.o)
                0x00005358                _close
 .text._getpid  0x000053a4        0x4 c:/renesas/synergy/e2studio_v2024-01.1_ssp_v2.6.1/toolchains/gcc_arm/gcc-arm-none-eabi-10.3-2021.10/bin/../lib/gcc/arm-none-eabi/10.3.1/../../../../arm-none-eabi/lib/thumb/v7e-m+fp/hard\librdimon_nano.a(rdimon-syscalls.o)
                0x000053a4                _getpid
 .text._swistat
                0x000053a8       0x42 c:/renesas/synergy/e2studio_v2024-01.1_ssp_v2.6.1/toolchains/gcc_arm/gcc-arm-none-eabi-10.3-2021.10/bin/../lib/gcc/arm-none-eabi/10.3.1/../../../../arm-none-eabi/lib/thumb/v7e-m+fp/hard\librdimon_nano.a(rdimon-syscalls.o)
                0x000053a8                _swistat
 .text._fstat   0x000053ea       0x1c c:/renesas/synergy/e2studio_v2024-01.1_ssp_v2.6.1/toolchains/gcc_arm/gcc-arm-none-eabi-10.3-2021.10/bin/../lib/gcc/arm-none-eabi/10.3.1/../../../../arm-none-eabi/lib/thumb/v7e-m+fp/hard\librdimon_nano.a(rdimon-syscalls.o)
                0x000053ea                _fstat
 .text._stat    0x00005406       0x3a c:/renesas/synergy/e2studio_v2024-01.1_ssp_v2.6.1/toolchains/gcc_arm/gcc-arm-none-eabi-10.3-2021.10/bin/../lib/gcc/arm-none-eabi/10.3.1/../../../../arm-none-eabi/lib/thumb/v7e-m+fp/hard\librdimon_nano.a(rdimon-syscalls.o)
                0x00005406                _stat
 .text._swiopen
                0x00005440       0xb4 c:/renesas/synergy/e2studio_v2024-01.1_ssp_v2.6.1/toolchains/gcc_arm/gcc-arm-none-eabi-10.3-2021.10/bin/../lib/gcc/arm-none-eabi/10.3.1/../../../../arm-none-eabi/lib/thumb/v7e-m+fp/hard\librdimon_nano.a(rdimon-syscalls.o)
                0x00005440                _swiopen
 .text._get_semihosting_exts
                0x000054f4       0xb8 c:/renesas/synergy/e2studio_v2024-01.1_ssp_v2.6.1/toolchains/gcc_arm/gcc-arm-none-eabi-10.3-2021.10/bin/../lib/gcc/arm-none-eabi/10.3.1/../../../../arm-none-eabi/lib/thumb/v7e-m+fp/hard\librdimon_nano.a(rdimon-syscalls.o)
                0x000054f4                _get_semihosting_exts
 .text.initialise_semihosting_exts
                0x000055ac       0x34 c:/renesas/synergy/e2studio_v2024-01.1_ssp_v2.6.1/toolchains/gcc_arm/gcc-arm-none-eabi-10.3-2021.10/bin/../lib/gcc/arm-none-eabi/10.3.1/../../../../arm-none-eabi/lib/thumb/v7e-m+fp/hard\librdimon_nano.a(rdimon-syscalls.o)
 .text._has_ext_exit_extended
                0x000055e0       0x18 c:/renesas/synergy/e2studio_v2024-01.1_ssp_v2.6.1/toolchains/gcc_arm/gcc-arm-none-eabi-10.3-2021.10/bin/../lib/gcc/arm-none-eabi/10.3.1/../../../../arm-none-eabi/lib/thumb/v7e-m+fp/hard\librdimon_nano.a(rdimon-syscalls.o)
                0x000055e0                _has_ext_exit_extended
 .text._isatty  0x000055f8       0x38 c:/renesas/synergy/e2studio_v2024-01.1_ssp_v2.6.1/toolchains/gcc_arm/gcc-arm-none-eabi-10.3-2021.10/bin/../lib/gcc/arm-none-eabi/10.3.1/../../../../arm-none-eabi/lib/thumb/v7e-m+fp/hard\librdimon_nano.a(rdimon-syscalls.o)
                0x000055f8                _isatty
 .text._exit    0x00005630       0x14 c:/renesas/synergy/e2studio_v2024-01.1_ssp_v2.6.1/toolchains/gcc_arm/gcc-arm-none-eabi-10.3-2021.10/bin/../lib/gcc/arm-none-eabi/10.3.1/../../../../arm-none-eabi/lib/thumb/v7e-m+fp/hard\librdimon_nano.a(rdimon-_exit.o)
                0x00005630                _exit
 .text._kill_shared
                0x00005644       0x26 c:/renesas/synergy/e2studio_v2024-01.1_ssp_v2.6.1/toolchains/gcc_arm/gcc-arm-none-eabi-10.3-2021.10/bin/../lib/gcc/arm-none-eabi/10.3.1/../../../../arm-none-eabi/lib/thumb/v7e-m+fp/hard\librdimon_nano.a(rdimon-_kill.o)
                0x00005644                _kill_shared
 *fill*         0x0000566a        0x2 ff
 .text._kill    0x0000566c       0x18 c:/renesas/synergy/e2studio_v2024-01.1_ssp_v2.6.1/toolchains/gcc_arm/gcc-arm-none-eabi-10.3-2021.10/bin/../lib/gcc/arm-none-eabi/10.3.1/../../../../arm-none-eabi/lib/thumb/v7e-m+fp/hard\librdimon_nano.a(rdimon-_kill.o)
                0x0000566c                _kill
 .text          0x00005684       0x10 c:/renesas/synergy/e2studio_v2024-01.1_ssp_v2.6.1/toolchains/gcc_arm/gcc-arm-none-eabi-10.3-2021.10/bin/../lib/gcc/arm-none-eabi/10.3.1/../../../../arm-none-eabi/lib/thumb/v7e-m+fp/hard\libc_nano.a(lib_a-strlen.o)
                0x00005684                strlen
 *(.version)
 .version       0x00005694       0x7c ./synergy/ssp/src/bsp/mcu/all/bsp_common.o
 *(.init)
 .init          0x00005710        0x4 c:/renesas/synergy/e2studio_v2024-01.1_ssp_v2.6.1/toolchains/gcc_arm/gcc-arm-none-eabi-10.3-2021.10/bin/../lib/gcc/arm-none-eabi/10.3.1/thumb/v7e-m+fp/hard/crti.o
                0x00005710                _init
 .init          0x00005714        0x8 c:/renesas/synergy/e2studio_v2024-01.1_ssp_v2.6.1/toolchains/gcc_arm/gcc-arm-none-eabi-10.3-2021.10/bin/../lib/gcc/arm-none-eabi/10.3.1/thumb/v7e-m+fp/hard/crtn.o
 *(.fini)
 .fini          0x0000571c        0x4 c:/renesas/synergy/e2studio_v2024-01.1_ssp_v2.6.1/toolchains/gcc_arm/gcc-arm-none-eabi-10.3-2021.10/bin/../lib/gcc/arm-none-eabi/10.3.1/thumb/v7e-m+fp/hard/crti.o
                0x0000571c                _fini
 .fini          0x00005720        0x8 c:/renesas/synergy/e2studio_v2024-01.1_ssp_v2.6.1/toolchains/gcc_arm/gcc-arm-none-eabi-10.3-2021.10/bin/../lib/gcc/arm-none-eabi/10.3.1/thumb/v7e-m+fp/hard/crtn.o
 *crtbegin.o(.ctors)
 *crtbegin?.o(.ctors)
 *(EXCLUDE_FILE(*crtend.o *crtend?.o) .ctors)
 *(SORT_BY_NAME(.ctors.*))
 *(.ctors)
 *crtbegin.o(.dtors)
 *crtbegin?.o(.dtors)
 *(EXCLUDE_FILE(*crtend.o *crtend?.o) .dtors)
 *(SORT_BY_NAME(.dtors.*))
 *(.dtors)
 *(.rodata*)
 .rodata.g_ioport_on_ioport
                0x00005728       0x3c ./synergy/ssp/src/driver/r_ioport/r_ioport.o
                0x00005728                g_ioport_on_ioport
 .rodata.g_elc_on_elc
                0x00005764       0x1c ./synergy/ssp/src/driver/r_elc/r_elc.o
                0x00005764                g_elc_on_elc
 .rodata.g_cgc_on_cgc
                0x00005780       0x6c ./synergy/ssp/src/driver/r_cgc/r_cgc.o
                0x00005780                g_cgc_on_cgc
 .rodata.g_pllccr2_div_setting
                0x000057ec        0x8 ./synergy/ssp/src/driver/r_cgc/r_cgc.o
 .rodata.g_pllccr2_div_value
                0x000057f4        0x6 ./synergy/ssp/src/driver/r_cgc/r_cgc.o
 *fill*         0x000057fa        0x2 ff
 .rodata.g_pllccr_div_setting
                0x000057fc        0x6 ./synergy/ssp/src/driver/r_cgc/r_cgc.o
 *fill*         0x00005802        0x2 ff
 .rodata.g_pllccr_div_value
                0x00005804        0x6 ./synergy/ssp/src/driver/r_cgc/r_cgc.o
 *fill*         0x0000580a        0x2 ff
 .rodata.g_cgc_feature
                0x0000580c       0x2c ./synergy/ssp/src/bsp/mcu/s7g2/bsp_feature.o
 .rodata.g_bsp_module_stop
                0x00005838       0x46 ./synergy/ssp/src/bsp/mcu/s7g2/bsp_module_stop.o
 *fill*         0x0000587e        0x2 ff
 .rodata.gp_mstp
                0x00005880       0x10 ./synergy/ssp/src/bsp/mcu/s7g2/bsp_module_stop.o
 .rodata.gp_vector_information
                0x00005890        0x4 ./synergy/ssp/src/bsp/mcu/all/bsp_irq.o
                0x00005890                gp_vector_information
 .rodata.g_prcr_masks
                0x00005894        0x6 ./synergy/ssp/src/bsp/mcu/all/bsp_register_protection.o
 *fill*         0x0000589a        0x2 ff
 .rodata.g_elc_cfg
                0x0000589c        0xc ./synergy/ssp/src/bsp/cmsis/Device/RENESAS/S7G2/Source/system_S7G2.o
 .rodata.g_bsp_leds
                0x000058a8        0x8 ./synergy/board/s7g2_sk/bsp_leds.o
                0x000058a8                g_bsp_leds
 .rodata.g_bsp_prv_leds
                0x000058b0        0x6 ./synergy/board/s7g2_sk/bsp_leds.o
 *fill*         0x000058b6        0x2 ff
 .rodata.blinky_thread_create.str1.4
                0x000058b8        0xe ./src/synergy_gen/blinky_thread.o
 *fill*         0x000058c6        0x2 ff
 .rodata.g_ioport
                0x000058c8        0x8 ./src/synergy_gen/common_data.o
                0x000058c8                g_ioport
 .rodata.tx_application_define.str1.4
                0x000058d0       0x14 ./src/synergy_gen/main.o
 .rodata.g_bsp_pin_cfg
                0x000058e4        0x8 ./src/synergy_gen/pin_data.o
                0x000058e4                g_bsp_pin_cfg
 .rodata.g_bsp_pin_cfg_data
                0x000058ec      0x370 ./src/synergy_gen/pin_data.o
                0x000058ec                g_bsp_pin_cfg_data
 .rodata.bit_count
                0x00005c5c       0x80 C:\Users\iones\e2_studio\workspace\Blinky_SK_S7G2\synergy\ssp\src\driver\r_fmi\libs\libfmi_cm4_s7g2_gcc.a(r_fmi.o)
 .rodata.bit_count_mask
                0x00005cdc        0x8 C:\Users\iones\e2_studio\workspace\Blinky_SK_S7G2\synergy\ssp\src\driver\r_fmi\libs\libfmi_cm4_s7g2_gcc.a(r_fmi.o)
 .rodata.g_fmi_on_fmi
                0x00005ce4       0x18 C:\Users\iones\e2_studio\workspace\Blinky_SK_S7G2\synergy\ssp\src\driver\r_fmi\libs\libfmi_cm4_s7g2_gcc.a(r_fmi.o)
                0x00005ce4                g_fmi_on_fmi
 .rodata.g_fmi_data
                0x00005cfc      0x400 C:\Users\iones\e2_studio\workspace\Blinky_SK_S7G2\synergy\ssp\src\bsp\mcu\s7g2\libfmi_R7FS7G27H3A01CFC_gcc.a(bsp_fmi_R7FS7G27H3A01CFC.o)
                0x00005cfc                g_fmi_data
 .rodata._global_impure_ptr
                0x000060fc        0x4 c:/renesas/synergy/e2studio_v2024-01.1_ssp_v2.6.1/toolchains/gcc_arm/gcc-arm-none-eabi-10.3-2021.10/bin/../lib/gcc/arm-none-eabi/10.3.1/../../../../arm-none-eabi/lib/thumb/v7e-m+fp/hard\libg_nano.a(lib_a-impure.o)
                0x000060fc                _global_impure_ptr
 .rodata.srand.str1.1
                0x00006100       0x95 c:/renesas/synergy/e2studio_v2024-01.1_ssp_v2.6.1/toolchains/gcc_arm/gcc-arm-none-eabi-10.3-2021.10/bin/../lib/gcc/arm-none-eabi/10.3.1/../../../../arm-none-eabi/lib/thumb/v7e-m+fp/hard\libg_nano.a(lib_a-rand.o)
 .rodata.__assert_func.str1.1
                0x00006195       0x3c c:/renesas/synergy/e2studio_v2024-01.1_ssp_v2.6.1/toolchains/gcc_arm/gcc-arm-none-eabi-10.3-2021.10/bin/../lib/gcc/arm-none-eabi/10.3.1/../../../../arm-none-eabi/lib/thumb/v7e-m+fp/hard\libg_nano.a(lib_a-assert.o)
                                 0x3d (size before relaxing)
 .rodata._vfprintf_r.str1.1
                0x000061d1       0x11 c:/renesas/synergy/e2studio_v2024-01.1_ssp_v2.6.1/toolchains/gcc_arm/gcc-arm-none-eabi-10.3-2021.10/bin/../lib/gcc/arm-none-eabi/10.3.1/../../../../arm-none-eabi/lib/thumb/v7e-m+fp/hard\libg_nano.a(lib_a-nano-vfprintf.o)
 .rodata._printf_i.str1.1
                0x000061e2       0x22 c:/renesas/synergy/e2studio_v2024-01.1_ssp_v2.6.1/toolchains/gcc_arm/gcc-arm-none-eabi-10.3-2021.10/bin/../lib/gcc/arm-none-eabi/10.3.1/../../../../arm-none-eabi/lib/thumb/v7e-m+fp/hard\libg_nano.a(lib_a-nano-vfprintf_i.o)
 .rodata.__sf_fake_stderr
                0x00006204       0x20 c:/renesas/synergy/e2studio_v2024-01.1_ssp_v2.6.1/toolchains/gcc_arm/gcc-arm-none-eabi-10.3-2021.10/bin/../lib/gcc/arm-none-eabi/10.3.1/../../../../arm-none-eabi/lib/thumb/v7e-m+fp/hard\libg_nano.a(lib_a-findfp.o)
                0x00006204                __sf_fake_stderr
 .rodata.__sf_fake_stdin
                0x00006224       0x20 c:/renesas/synergy/e2studio_v2024-01.1_ssp_v2.6.1/toolchains/gcc_arm/gcc-arm-none-eabi-10.3-2021.10/bin/../lib/gcc/arm-none-eabi/10.3.1/../../../../arm-none-eabi/lib/thumb/v7e-m+fp/hard\libg_nano.a(lib_a-findfp.o)
                0x00006224                __sf_fake_stdin
 .rodata.__sf_fake_stdout
                0x00006244       0x20 c:/renesas/synergy/e2studio_v2024-01.1_ssp_v2.6.1/toolchains/gcc_arm/gcc-arm-none-eabi-10.3-2021.10/bin/../lib/gcc/arm-none-eabi/10.3.1/../../../../arm-none-eabi/lib/thumb/v7e-m+fp/hard\libg_nano.a(lib_a-findfp.o)
                0x00006244                __sf_fake_stdout
 .rodata._get_semihosting_exts.str1.1
                0x00006264       0x16 c:/renesas/synergy/e2studio_v2024-01.1_ssp_v2.6.1/toolchains/gcc_arm/gcc-arm-none-eabi-10.3-2021.10/bin/../lib/gcc/arm-none-eabi/10.3.1/../../../../arm-none-eabi/lib/thumb/v7e-m+fp/hard\librdimon_nano.a(rdimon-syscalls.o)
                0x0000627a                __usb_dev_descriptor_start_fs = .
 *(.usb_device_desc_fs*)
                0x0000627a                __usb_cfg_descriptor_start_fs = .
 *(.usb_config_desc_fs*)
                0x0000627a                __usb_interface_descriptor_start_fs = .
 *(.usb_interface_desc_fs*)
                0x0000627a                __usb_descriptor_end_fs = .
                0x0000627a                __usb_dev_descriptor_start_hs = .
 *(.usb_device_desc_hs*)
                0x0000627a                __usb_cfg_descriptor_start_hs = .
 *(.usb_config_desc_hs*)
                0x0000627a                __usb_interface_descriptor_start_hs = .
 *(.usb_interface_desc_hs*)
                0x0000627a                __usb_descriptor_end_hs = .
 *(.eh_frame*)
 *fill*         0x0000627a        0x2 ff
 .eh_frame      0x0000627c        0x0 c:/renesas/synergy/e2studio_v2024-01.1_ssp_v2.6.1/toolchains/gcc_arm/gcc-arm-none-eabi-10.3-2021.10/bin/../lib/gcc/arm-none-eabi/10.3.1/thumb/v7e-m+fp/hard/crtbegin.o
 .eh_frame      0x0000627c        0x4 c:/renesas/synergy/e2studio_v2024-01.1_ssp_v2.6.1/toolchains/gcc_arm/gcc-arm-none-eabi-10.3-2021.10/bin/../lib/gcc/arm-none-eabi/10.3.1/thumb/v7e-m+fp/hard/crtend.o
                0x00006280                __ROM_End = .
                0x00000040                __Vectors_Size = (__Vectors_End - __Vectors)
                0x00000000                __Vector_Info_Size = (__Vector_Info_End - __Vector_Info_Start)
                0x000001b0                __Lock_Lookup_Size = (__Lock_Lookup_End - __Lock_Lookup_Start)

.glue_7         0x00006280        0x0
 .glue_7        0x00006280        0x0 linker stubs

.glue_7t        0x00006280        0x0
 .glue_7t       0x00006280        0x0 linker stubs

.vfp11_veneer   0x00006280        0x0
 .vfp11_veneer  0x00006280        0x0 linker stubs

.v4_bx          0x00006280        0x0
 .v4_bx         0x00006280        0x0 linker stubs

.iplt           0x00006280        0x0
 .iplt          0x00006280        0x0 c:/renesas/synergy/e2studio_v2024-01.1_ssp_v2.6.1/toolchains/gcc_arm/gcc-arm-none-eabi-10.3-2021.10/bin/../lib/gcc/arm-none-eabi/10.3.1/thumb/v7e-m+fp/hard/crtbegin.o

.ARM.extab
 *(.ARM.extab* .gnu.linkonce.armextab.*)
                0x00006280                __exidx_start = .

.ARM.exidx
 *(.ARM.exidx* .gnu.linkonce.armexidx.*)
                0x00006280                __exidx_end = .
                0x00006280                __etext = .

.ssp_dtc_vector_table
                0x1ffe0000        0x0
                0x1ffe0000                . = ORIGIN (RAM)
 *(.ssp_dtc_vector_table)

.data           0x1ffe0000       0xe4 load address 0x00006280
                0x1ffe0000                __data_start__ = .
 *(vtable)
 *(.data*)
 .data._tx_thread_system_state
                0x1ffe0000        0x4 C:\Users\iones\e2_studio\workspace\Blinky_SK_S7G2\synergy\ssp\src\framework\el\tx\cm4_gcc\libtx.a(tx_thread_initialize.o)
                0x1ffe0000                _tx_thread_system_state
 .data._impure_ptr
                0x1ffe0004        0x4 c:/renesas/synergy/e2studio_v2024-01.1_ssp_v2.6.1/toolchains/gcc_arm/gcc-arm-none-eabi-10.3-2021.10/bin/../lib/gcc/arm-none-eabi/10.3.1/../../../../arm-none-eabi/lib/thumb/v7e-m+fp/hard\libg_nano.a(lib_a-impure.o)
                0x1ffe0004                _impure_ptr
 .data.impure_data
                0x1ffe0008       0x60 c:/renesas/synergy/e2studio_v2024-01.1_ssp_v2.6.1/toolchains/gcc_arm/gcc-arm-none-eabi-10.3-2021.10/bin/../lib/gcc/arm-none-eabi/10.3.1/../../../../arm-none-eabi/lib/thumb/v7e-m+fp/hard\libg_nano.a(lib_a-impure.o)
 .data.supports_ext_exit_extended
                0x1ffe0068        0x4 c:/renesas/synergy/e2studio_v2024-01.1_ssp_v2.6.1/toolchains/gcc_arm/gcc-arm-none-eabi-10.3-2021.10/bin/../lib/gcc/arm-none-eabi/10.3.1/../../../../arm-none-eabi/lib/thumb/v7e-m+fp/hard\librdimon_nano.a(rdimon-syscalls.o)
 .data.supports_ext_stdout_stderr
                0x1ffe006c        0x4 c:/renesas/synergy/e2studio_v2024-01.1_ssp_v2.6.1/toolchains/gcc_arm/gcc-arm-none-eabi-10.3-2021.10/bin/../lib/gcc/arm-none-eabi/10.3.1/../../../../arm-none-eabi/lib/thumb/v7e-m+fp/hard\librdimon_nano.a(rdimon-syscalls.o)
                0x1ffe0070                . = ALIGN (0x4)
                0x1ffe0070                PROVIDE (__preinit_array_start = .)
 *(.preinit_array)
                0x1ffe0070                PROVIDE (__preinit_array_end = .)
                0x1ffe0070                . = ALIGN (0x4)
                0x1ffe0070                PROVIDE (__init_array_start = .)
 *(SORT_BY_NAME(.init_array.*))
 *(.init_array)
 .init_array    0x1ffe0070        0x4 c:/renesas/synergy/e2studio_v2024-01.1_ssp_v2.6.1/toolchains/gcc_arm/gcc-arm-none-eabi-10.3-2021.10/bin/../lib/gcc/arm-none-eabi/10.3.1/thumb/v7e-m+fp/hard/crtbegin.o
                0x1ffe0074                PROVIDE (__init_array_end = .)
                0x1ffe0074                . = ALIGN (0x4)
                [!provide]                PROVIDE (__fini_array_start = .)
 *(SORT_BY_NAME(.fini_array.*))
 *(.fini_array)
 .fini_array    0x1ffe0074        0x4 c:/renesas/synergy/e2studio_v2024-01.1_ssp_v2.6.1/toolchains/gcc_arm/gcc-arm-none-eabi-10.3-2021.10/bin/../lib/gcc/arm-none-eabi/10.3.1/thumb/v7e-m+fp/hard/crtbegin.o
                [!provide]                PROVIDE (__fini_array_end = .)
 *(.jcr*)
                0x1ffe0078                . = ALIGN (0x4)
                0x1ffe0078                __Code_In_RAM_Start = .
 *(.code_in_ram*)
                0x1ffe0078                __Code_In_RAM_End = .
                0x1ffe0078                __Lock_Start = .
 *(SORT_BY_NAME(.hw_lock*))
 .hw_lock.ADC_0U_0U
                0x1ffe0078        0x1 ./synergy/ssp/src/bsp/mcu/s7g2/bsp_hw_locks.o
                0x1ffe0078                g_hw_lock_ADC_0U_0U
 .hw_lock.ADC_0U_1U
                0x1ffe0079        0x1 ./synergy/ssp/src/bsp/mcu/s7g2/bsp_hw_locks.o
                0x1ffe0079                g_hw_lock_ADC_0U_1U
 .hw_lock.AGT_0U_0U
                0x1ffe007a        0x1 ./synergy/ssp/src/bsp/mcu/s7g2/bsp_hw_locks.o
                0x1ffe007a                g_hw_lock_AGT_0U_0U
 .hw_lock.AGT_0U_1U
                0x1ffe007b        0x1 ./synergy/ssp/src/bsp/mcu/s7g2/bsp_hw_locks.o
                0x1ffe007b                g_hw_lock_AGT_0U_1U
 .hw_lock.BSC_0U_1U
                0x1ffe007c        0x1 ./synergy/ssp/src/bsp/mcu/s7g2/bsp_hw_locks.o
                0x1ffe007c                g_hw_lock_BSC_0U_1U
 .hw_lock.CAC_0U_0U
                0x1ffe007d        0x1 ./synergy/ssp/src/bsp/mcu/s7g2/bsp_hw_locks.o
                0x1ffe007d                g_hw_lock_CAC_0U_0U
 .hw_lock.CAN_0U_0U
                0x1ffe007e        0x1 ./synergy/ssp/src/bsp/mcu/s7g2/bsp_hw_locks.o
                0x1ffe007e                g_hw_lock_CAN_0U_0U
 .hw_lock.CAN_0U_1U
                0x1ffe007f        0x1 ./synergy/ssp/src/bsp/mcu/s7g2/bsp_hw_locks.o
                0x1ffe007f                g_hw_lock_CAN_0U_1U
 .hw_lock.COMP_HS_0U_0U
                0x1ffe0080        0x1 ./synergy/ssp/src/bsp/mcu/s7g2/bsp_hw_locks.o
                0x1ffe0080                g_hw_lock_COMP_HS_0U_0U
 .hw_lock.COMP_HS_0U_1U
                0x1ffe0081        0x1 ./synergy/ssp/src/bsp/mcu/s7g2/bsp_hw_locks.o
                0x1ffe0081                g_hw_lock_COMP_HS_0U_1U
 .hw_lock.COMP_HS_0U_2U
                0x1ffe0082        0x1 ./synergy/ssp/src/bsp/mcu/s7g2/bsp_hw_locks.o
                0x1ffe0082                g_hw_lock_COMP_HS_0U_2U
 .hw_lock.COMP_HS_0U_3U
                0x1ffe0083        0x1 ./synergy/ssp/src/bsp/mcu/s7g2/bsp_hw_locks.o
                0x1ffe0083                g_hw_lock_COMP_HS_0U_3U
 .hw_lock.COMP_HS_0U_4U
                0x1ffe0084        0x1 ./synergy/ssp/src/bsp/mcu/s7g2/bsp_hw_locks.o
                0x1ffe0084                g_hw_lock_COMP_HS_0U_4U
 .hw_lock.COMP_HS_0U_5U
                0x1ffe0085        0x1 ./synergy/ssp/src/bsp/mcu/s7g2/bsp_hw_locks.o
                0x1ffe0085                g_hw_lock_COMP_HS_0U_5U
 .hw_lock.CRC_0U_0U
                0x1ffe0086        0x1 ./synergy/ssp/src/bsp/mcu/s7g2/bsp_hw_locks.o
                0x1ffe0086                g_hw_lock_CRC_0U_0U
 .hw_lock.CTSU_0U_0U
                0x1ffe0087        0x1 ./synergy/ssp/src/bsp/mcu/s7g2/bsp_hw_locks.o
                0x1ffe0087                g_hw_lock_CTSU_0U_0U
 .hw_lock.DAAD_0U_0U
                0x1ffe0088        0x1 ./synergy/ssp/src/bsp/mcu/s7g2/bsp_hw_locks.o
                0x1ffe0088                g_hw_lock_DAAD_0U_0U
 .hw_lock.DAC_0U_0U
                0x1ffe0089        0x1 ./synergy/ssp/src/bsp/mcu/s7g2/bsp_hw_locks.o
                0x1ffe0089                g_hw_lock_DAC_0U_0U
 .hw_lock.DAC_0U_1U
                0x1ffe008a        0x1 ./synergy/ssp/src/bsp/mcu/s7g2/bsp_hw_locks.o
                0x1ffe008a                g_hw_lock_DAC_0U_1U
 .hw_lock.DMAC_0U_0U
                0x1ffe008b        0x1 ./synergy/ssp/src/bsp/mcu/s7g2/bsp_hw_locks.o
                0x1ffe008b                g_hw_lock_DMAC_0U_0U
 .hw_lock.DMAC_0U_1U
                0x1ffe008c        0x1 ./synergy/ssp/src/bsp/mcu/s7g2/bsp_hw_locks.o
                0x1ffe008c                g_hw_lock_DMAC_0U_1U
 .hw_lock.DMAC_0U_2U
                0x1ffe008d        0x1 ./synergy/ssp/src/bsp/mcu/s7g2/bsp_hw_locks.o
                0x1ffe008d                g_hw_lock_DMAC_0U_2U
 .hw_lock.DMAC_0U_3U
                0x1ffe008e        0x1 ./synergy/ssp/src/bsp/mcu/s7g2/bsp_hw_locks.o
                0x1ffe008e                g_hw_lock_DMAC_0U_3U
 .hw_lock.DMAC_0U_4U
                0x1ffe008f        0x1 ./synergy/ssp/src/bsp/mcu/s7g2/bsp_hw_locks.o
                0x1ffe008f                g_hw_lock_DMAC_0U_4U
 .hw_lock.DMAC_0U_5U
                0x1ffe0090        0x1 ./synergy/ssp/src/bsp/mcu/s7g2/bsp_hw_locks.o
                0x1ffe0090                g_hw_lock_DMAC_0U_5U
 .hw_lock.DMAC_0U_6U
                0x1ffe0091        0x1 ./synergy/ssp/src/bsp/mcu/s7g2/bsp_hw_locks.o
                0x1ffe0091                g_hw_lock_DMAC_0U_6U
 .hw_lock.DMAC_0U_7U
                0x1ffe0092        0x1 ./synergy/ssp/src/bsp/mcu/s7g2/bsp_hw_locks.o
                0x1ffe0092                g_hw_lock_DMAC_0U_7U
 .hw_lock.DOC_0U_0U
                0x1ffe0093        0x1 ./synergy/ssp/src/bsp/mcu/s7g2/bsp_hw_locks.o
                0x1ffe0093                g_hw_lock_DOC_0U_0U
 .hw_lock.DRW_0U_0U
                0x1ffe0094        0x1 ./synergy/ssp/src/bsp/mcu/s7g2/bsp_hw_locks.o
                0x1ffe0094                g_hw_lock_DRW_0U_0U
 .hw_lock.DTC_0U_0U
                0x1ffe0095        0x1 ./synergy/ssp/src/bsp/mcu/s7g2/bsp_hw_locks.o
                0x1ffe0095                g_hw_lock_DTC_0U_0U
 .hw_lock.ELC_0U_0U
                0x1ffe0096        0x1 ./synergy/ssp/src/bsp/mcu/s7g2/bsp_hw_locks.o
                0x1ffe0096                g_hw_lock_ELC_0U_0U
 .hw_lock.EPTPC_0U_0U
                0x1ffe0097        0x1 ./synergy/ssp/src/bsp/mcu/s7g2/bsp_hw_locks.o
                0x1ffe0097                g_hw_lock_EPTPC_0U_0U
 .hw_lock.ETHER_0U_0U